Aug 31 14:43:38 holoiso kernel: Command line: BOOT_IMAGE=/boot/vmlinuz-linux-zen root=UUID=f31e22a4-bbcc-4081-a81a-24d6ee25d605 rw quiet splash plymouth.nolog
Aug 31 14:43:38 holoiso kernel: BIOS-provided physical RAM map:
Aug 31 14:43:38 holoiso kernel: BIOS-e820: [mem 0x0000000000000000-0x000000000009ffff] usable
Aug 31 14:43:38 holoiso kernel: BIOS-e820: [mem 0x00000000000a0000-0x00000000000fffff] reserved
Aug 31 14:43:38 holoiso kernel: BIOS-e820: [mem 0x0000000000100000-0x0000000009bfefff] usable
Aug 31 14:43:38 holoiso kernel: BIOS-e820: [mem 0x0000000009bff000-0x000000000a000fff] reserved
Aug 31 14:43:38 holoiso kernel: BIOS-e820: [mem 0x000000000a001000-0x000000000a1fffff] usable
Aug 31 14:43:38 holoiso kernel: BIOS-e820: [mem 0x000000000a200000-0x000000000a20efff] ACPI NVS
Aug 31 14:43:38 holoiso kernel: BIOS-e820: [mem 0x000000000a20f000-0x00000000cb29ffff] usable
Aug 31 14:43:38 holoiso kernel: BIOS-e820: [mem 0x00000000cb2a0000-0x00000000cc7a8fff] reserved
Aug 31 14:43:38 holoiso kernel: BIOS-e820: [mem 0x00000000cc7a9000-0x00000000cc7f5fff] ACPI data
Aug 31 14:43:38 holoiso kernel: BIOS-e820: [mem 0x00000000cc7f6000-0x00000000cc9a8fff] ACPI NVS
Aug 31 14:43:38 holoiso kernel: BIOS-e820: [mem 0x00000000cc9a9000-0x00000000cd180fff] reserved
Aug 31 14:43:38 holoiso kernel: BIOS-e820: [mem 0x00000000cd181000-0x00000000cd1fefff] type 20
Aug 31 14:43:38 holoiso kernel: BIOS-e820: [mem 0x00000000cd1ff000-0x00000000cdffffff] usable
Aug 31 14:43:38 holoiso kernel: BIOS-e820: [mem 0x00000000ce000000-0x00000000cfffffff] reserved
Aug 31 14:43:38 holoiso kernel: BIOS-e820: [mem 0x00000000f0000000-0x00000000f7ffffff] reserved
Aug 31 14:43:38 holoiso kernel: BIOS-e820: [mem 0x00000000fd000000-0x00000000fdffffff] reserved
Aug 31 14:43:38 holoiso kernel: BIOS-e820: [mem 0x00000000feb80000-0x00000000fec01fff] reserved
Aug 31 14:43:38 holoiso kernel: BIOS-e820: [mem 0x00000000fec10000-0x00000000fec10fff] reserved
Aug 31 14:43:38 holoiso kernel: BIOS-e820: [mem 0x00000000fed00000-0x00000000fed00fff] reserved
Aug 31 14:43:38 holoiso kernel: BIOS-e820: [mem 0x00000000fed40000-0x00000000fed44fff] reserved
Aug 31 14:43:38 holoiso kernel: BIOS-e820: [mem 0x00000000fed80000-0x00000000fed8ffff] reserved
Aug 31 14:43:38 holoiso kernel: BIOS-e820: [mem 0x00000000fedc4000-0x00000000fedc9fff] reserved
Aug 31 14:43:38 holoiso kernel: BIOS-e820: [mem 0x00000000fedcc000-0x00000000fedcefff] reserved
Aug 31 14:43:38 holoiso kernel: BIOS-e820: [mem 0x00000000fedd5000-0x00000000fedd5fff] reserved
Aug 31 14:43:38 holoiso kernel: BIOS-e820: [mem 0x00000000ff000000-0x00000000ffffffff] reserved
Aug 31 14:43:38 holoiso kernel: BIOS-e820: [mem 0x0000000100000000-0x000000036e2fffff] usable
Aug 31 14:43:38 holoiso kernel: BIOS-e820: [mem 0x000000036e300000-0x000000042fffffff] reserved
Aug 31 14:43:38 holoiso kernel: NX (Execute Disable) protection: active
Aug 31 14:43:38 holoiso kernel: efi: EFI v2.7 by American Megatrends
Aug 31 14:43:38 holoiso kernel: efi: ACPI=0xcc7f5000 ACPI 2.0=0xcc7f5014 TPMFinalLog=0xcc960000 SMBIOS=0xcd01e000 SMBIOS 3.0=0xcd01d000 MEMATTR=0xc87fd298 ESRT=0xca312098 
Aug 31 14:43:38 holoiso kernel: efi: Remove mem56: MMIO range=[0xf0000000-0xf7ffffff] (128MB) from e820 map
Aug 31 14:43:38 holoiso kernel: e820: remove [mem 0xf0000000-0xf7ffffff] reserved
Aug 31 14:43:38 holoiso kernel: efi: Remove mem57: MMIO range=[0xfd000000-0xfdffffff] (16MB) from e820 map
Aug 31 14:43:38 holoiso kernel: e820: remove [mem 0xfd000000-0xfdffffff] reserved
Aug 31 14:43:38 holoiso kernel: efi: Remove mem58: MMIO range=[0xfeb80000-0xfec01fff] (0MB) from e820 map
Aug 31 14:43:38 holoiso kernel: e820: remove [mem 0xfeb80000-0xfec01fff] reserved
Aug 31 14:43:38 holoiso kernel: efi: Not removing mem59: MMIO range=[0xfec10000-0xfec10fff] (4KB) from e820 map
Aug 31 14:43:38 holoiso kernel: efi: Not removing mem60: MMIO range=[0xfed00000-0xfed00fff] (4KB) from e820 map
Aug 31 14:43:38 holoiso kernel: efi: Not removing mem61: MMIO range=[0xfed40000-0xfed44fff] (20KB) from e820 map
Aug 31 14:43:38 holoiso kernel: efi: Not removing mem62: MMIO range=[0xfed80000-0xfed8ffff] (64KB) from e820 map
Aug 31 14:43:38 holoiso kernel: efi: Not removing mem63: MMIO range=[0xfedc4000-0xfedc9fff] (24KB) from e820 map
Aug 31 14:43:38 holoiso kernel: efi: Not removing mem64: MMIO range=[0xfedcc000-0xfedcefff] (12KB) from e820 map
Aug 31 14:43:38 holoiso kernel: efi: Not removing mem65: MMIO range=[0xfedd5000-0xfedd5fff] (4KB) from e820 map
Aug 31 14:43:38 holoiso kernel: efi: Remove mem66: MMIO range=[0xff000000-0xffffffff] (16MB) from e820 map
Aug 31 14:43:38 holoiso kernel: e820: remove [mem 0xff000000-0xffffffff] reserved
Aug 31 14:43:38 holoiso kernel: SMBIOS 3.3.0 present.
Aug 31 14:43:38 holoiso kernel: DMI: AYANEO AIR/AIR, BIOS V1.04_P4C9M43L4_16GB 08/16/2022
Aug 31 14:43:38 holoiso kernel: tsc: Fast TSC calibration using PIT
Aug 31 14:43:38 holoiso kernel: tsc: Detected 2295.675 MHz processor
Aug 31 14:43:38 holoiso kernel: e820: update [mem 0x00000000-0x00000fff] usable ==> reserved
Aug 31 14:43:38 holoiso kernel: e820: remove [mem 0x000a0000-0x000fffff] usable
Aug 31 14:43:38 holoiso kernel: last_pfn = 0x36e300 max_arch_pfn = 0x400000000
Aug 31 14:43:38 holoiso kernel: x86/PAT: Configuration [0-7]: WB  WC  UC- UC  WB  WP  UC- WT  
Aug 31 14:43:38 holoiso kernel: e820: update [mem 0xd0000000-0xffffffff] usable ==> reserved
Aug 31 14:43:38 holoiso kernel: last_pfn = 0xce000 max_arch_pfn = 0x400000000
Aug 31 14:43:38 holoiso kernel: esrt: Reserving ESRT space from 0x00000000ca312098 to 0x00000000ca3120d0.
Aug 31 14:43:38 holoiso kernel: e820: update [mem 0xca312000-0xca312fff] usable ==> reserved
Aug 31 14:43:38 holoiso kernel: Using GB pages for direct mapping
Aug 31 14:43:38 holoiso kernel: Secure boot disabled
Aug 31 14:43:38 holoiso kernel: RAMDISK: [mem 0x325d1000-0x352dffff]
Aug 31 14:43:38 holoiso kernel: ACPI: Early table checksum verification disabled
Aug 31 14:43:38 holoiso kernel: ACPI: RSDP 0x00000000CC7F5014 000024 (v02 ALASKA)
Aug 31 14:43:38 holoiso kernel: ACPI: XSDT 0x00000000CC7F4728 0000DC (v01 ALASKA A M I    01072009 AMI  01000013)
Aug 31 14:43:38 holoiso kernel: ACPI: FACP 0x00000000CC7E5000 000114 (v06 ALASKA A M I    01072009 AMI  00010013)
Aug 31 14:43:38 holoiso kernel: ACPI: DSDT 0x00000000CC7DF000 005D4F (v02 ALASKA A M I    01072009 INTL 20190509)
Aug 31 14:43:38 holoiso kernel: ACPI: FACS 0x00000000CC95E000 000040
Aug 31 14:43:38 holoiso kernel: ACPI: MSDM 0x00000000CC7F3000 000055 (v03 ALASKA A M I    01072009 AMI  01000013)
Aug 31 14:43:38 holoiso kernel: ACPI: SSDT 0x00000000CC7EB000 007229 (v02 AMD    AmdTable 00000002 MSFT 04000000)
Aug 31 14:43:38 holoiso kernel: ACPI: IVRS 0x00000000CC7EA000 0001A4 (v02 AMD    AmdTable 00000001 AMD  00000000)
Aug 31 14:43:38 holoiso kernel: ACPI: SSDT 0x00000000CC7E6000 003A21 (v01 AMD    AMD AOD  00000001 INTL 20190509)
Aug 31 14:43:38 holoiso kernel: ACPI: FIDT 0x00000000CC7DE000 00009C (v01 ALASKA A M I    01072009 AMI  00010013)
Aug 31 14:43:38 holoiso kernel: ACPI: MCFG 0x00000000CC7DD000 00003C (v01 ALASKA A M I    01072009 MSFT 00010013)
Aug 31 14:43:38 holoiso kernel: ACPI: HPET 0x00000000CC7DC000 000038 (v01 ALASKA A M I    01072009 AMI  00000005)
Aug 31 14:43:38 holoiso kernel: ACPI: VFCT 0x00000000CC7CE000 00D884 (v01 ALASKA A M I    00000001 AMD  31504F47)
Aug 31 14:43:38 holoiso kernel: ACPI: TPM2 0x00000000CC7CC000 00004C (v04 ALASKA A M I    00000001 AMI  00000000)
Aug 31 14:43:38 holoiso kernel: ACPI: SSDT 0x00000000CC7C8000 003E88 (v02 AMD    AmdTable 00000001 AMD  00000001)
Aug 31 14:43:38 holoiso kernel: ACPI: CRAT 0x00000000CC7C7000 000B68 (v01 AMD    AmdTable 00000001 AMD  00000001)
Aug 31 14:43:38 holoiso kernel: ACPI: CDIT 0x00000000CC7C6000 000029 (v01 AMD    AmdTable 00000001 AMD  00000001)
Aug 31 14:43:38 holoiso kernel: ACPI: SSDT 0x00000000CC7C5000 000149 (v01 AMD    AmdTable 00000001 INTL 20190509)
Aug 31 14:43:38 holoiso kernel: ACPI: SSDT 0x00000000CC7C3000 00148E (v01 AMD    AmdTable 00000001 INTL 20190509)
Aug 31 14:43:38 holoiso kernel: ACPI: SSDT 0x00000000CC7C1000 00151E (v01 AMD    AmdTable 00000001 INTL 20190509)
Aug 31 14:43:38 holoiso kernel: ACPI: SSDT 0x00000000CC7BD000 0036E9 (v01 AMD    AmdTable 00000001 INTL 20190509)
Aug 31 14:43:38 holoiso kernel: ACPI: WSMT 0x00000000CC7BC000 000028 (v01 ALASKA A M I    01072009 AMI  00010013)
Aug 31 14:43:38 holoiso kernel: ACPI: APIC 0x00000000CC7BB000 0000DE (v03 ALASKA A M I    01072009 AMI  00010013)
Aug 31 14:43:38 holoiso kernel: ACPI: SSDT 0x00000000CC7BA000 00008D (v01 AMD    AmdTable 00000001 INTL 20190509)
Aug 31 14:43:38 holoiso kernel: ACPI: SSDT 0x00000000CC7B9000 00091F (v01 AMD    AmdTable 00000001 INTL 20190509)
Aug 31 14:43:38 holoiso kernel: ACPI: FPDT 0x00000000CC7B8000 000044 (v01 ALASKA A M I    01072009 AMI  01000013)
Aug 31 14:43:38 holoiso kernel: ACPI: BGRT 0x00000000CC7CD000 000038 (v01 ALASKA A M I    01072009 AMI  00010013)
Aug 31 14:43:38 holoiso kernel: ACPI: Reserving FACP table memory at [mem 0xcc7e5000-0xcc7e5113]
Aug 31 14:43:38 holoiso kernel: ACPI: Reserving DSDT table memory at [mem 0xcc7df000-0xcc7e4d4e]
Aug 31 14:43:38 holoiso kernel: ACPI: Reserving FACS table memory at [mem 0xcc95e000-0xcc95e03f]
Aug 31 14:43:38 holoiso kernel: ACPI: Reserving MSDM table memory at [mem 0xcc7f3000-0xcc7f3054]
Aug 31 14:43:38 holoiso kernel: ACPI: Reserving SSDT table memory at [mem 0xcc7eb000-0xcc7f2228]
Aug 31 14:43:38 holoiso kernel: ACPI: Reserving IVRS table memory at [mem 0xcc7ea000-0xcc7ea1a3]
Aug 31 14:43:38 holoiso kernel: ACPI: Reserving SSDT table memory at [mem 0xcc7e6000-0xcc7e9a20]
Aug 31 14:43:38 holoiso kernel: ACPI: Reserving FIDT table memory at [mem 0xcc7de000-0xcc7de09b]
Aug 31 14:43:38 holoiso kernel: ACPI: Reserving MCFG table memory at [mem 0xcc7dd000-0xcc7dd03b]
Aug 31 14:43:38 holoiso kernel: ACPI: Reserving HPET table memory at [mem 0xcc7dc000-0xcc7dc037]
Aug 31 14:43:38 holoiso kernel: ACPI: Reserving VFCT table memory at [mem 0xcc7ce000-0xcc7db883]
Aug 31 14:43:38 holoiso kernel: ACPI: Reserving TPM2 table memory at [mem 0xcc7cc000-0xcc7cc04b]
Aug 31 14:43:38 holoiso kernel: ACPI: Reserving SSDT table memory at [mem 0xcc7c8000-0xcc7cbe87]
Aug 31 14:43:38 holoiso kernel: ACPI: Reserving CRAT table memory at [mem 0xcc7c7000-0xcc7c7b67]
Aug 31 14:43:38 holoiso kernel: ACPI: Reserving CDIT table memory at [mem 0xcc7c6000-0xcc7c6028]
Aug 31 14:43:38 holoiso kernel: ACPI: Reserving SSDT table memory at [mem 0xcc7c5000-0xcc7c5148]
Aug 31 14:43:38 holoiso kernel: ACPI: Reserving SSDT table memory at [mem 0xcc7c3000-0xcc7c448d]
Aug 31 14:43:38 holoiso kernel: ACPI: Reserving SSDT table memory at [mem 0xcc7c1000-0xcc7c251d]
Aug 31 14:43:38 holoiso kernel: ACPI: Reserving SSDT table memory at [mem 0xcc7bd000-0xcc7c06e8]
Aug 31 14:43:38 holoiso kernel: ACPI: Reserving WSMT table memory at [mem 0xcc7bc000-0xcc7bc027]
Aug 31 14:43:38 holoiso kernel: ACPI: Reserving APIC table memory at [mem 0xcc7bb000-0xcc7bb0dd]
Aug 31 14:43:38 holoiso kernel: ACPI: Reserving SSDT table memory at [mem 0xcc7ba000-0xcc7ba08c]
Aug 31 14:43:38 holoiso kernel: ACPI: Reserving SSDT table memory at [mem 0xcc7b9000-0xcc7b991e]
Aug 31 14:43:38 holoiso kernel: ACPI: Reserving FPDT table memory at [mem 0xcc7b8000-0xcc7b8043]
Aug 31 14:43:38 holoiso kernel: ACPI: Reserving BGRT table memory at [mem 0xcc7cd000-0xcc7cd037]
Aug 31 14:43:38 holoiso kernel: No NUMA configuration found
Aug 31 14:43:38 holoiso kernel: Faking a node at [mem 0x0000000000000000-0x000000036e2fffff]
Aug 31 14:43:38 holoiso kernel: NODE_DATA(0) allocated [mem 0x36e2fb000-0x36e2fffff]
Aug 31 14:43:38 holoiso kernel: Zone ranges:
Aug 31 14:43:38 holoiso kernel:   DMA      [mem 0x0000000000001000-0x0000000000ffffff]
Aug 31 14:43:38 holoiso kernel:   DMA32    [mem 0x0000000001000000-0x00000000ffffffff]
Aug 31 14:43:38 holoiso kernel:   Normal   [mem 0x0000000100000000-0x000000036e2fffff]
Aug 31 14:43:38 holoiso kernel:   Device   empty
Aug 31 14:43:38 holoiso kernel: Movable zone start for each node
Aug 31 14:43:38 holoiso kernel: Early memory node ranges
Aug 31 14:43:38 holoiso kernel:   node   0: [mem 0x0000000000001000-0x000000000009ffff]
Aug 31 14:43:38 holoiso kernel:   node   0: [mem 0x0000000000100000-0x0000000009bfefff]
Aug 31 14:43:38 holoiso kernel:   node   0: [mem 0x000000000a001000-0x000000000a1fffff]
Aug 31 14:43:38 holoiso kernel:   node   0: [mem 0x000000000a20f000-0x00000000cb29ffff]
Aug 31 14:43:38 holoiso kernel:   node   0: [mem 0x00000000cd1ff000-0x00000000cdffffff]
Aug 31 14:43:38 holoiso kernel:   node   0: [mem 0x0000000100000000-0x000000036e2fffff]
Aug 31 14:43:38 holoiso kernel: Initmem setup node 0 [mem 0x0000000000001000-0x000000036e2fffff]
Aug 31 14:43:38 holoiso kernel: On node 0, zone DMA: 1 pages in unavailable ranges
Aug 31 14:43:38 holoiso kernel: On node 0, zone DMA: 96 pages in unavailable ranges
Aug 31 14:43:38 holoiso kernel: On node 0, zone DMA32: 1026 pages in unavailable ranges
Aug 31 14:43:38 holoiso kernel: On node 0, zone DMA32: 15 pages in unavailable ranges
Aug 31 14:43:38 holoiso kernel: On node 0, zone DMA32: 8031 pages in unavailable ranges
Aug 31 14:43:38 holoiso kernel: On node 0, zone Normal: 8192 pages in unavailable ranges
Aug 31 14:43:38 holoiso kernel: On node 0, zone Normal: 7424 pages in unavailable ranges
Aug 31 14:43:38 holoiso kernel: ACPI: PM-Timer IO Port: 0x808
Aug 31 14:43:38 holoiso kernel: ACPI: LAPIC_NMI (acpi_id[0xff] high edge lint[0x1])
Aug 31 14:43:38 holoiso kernel: IOAPIC[0]: apic_id 33, version 33, address 0xfec00000, GSI 0-23
Aug 31 14:43:38 holoiso kernel: IOAPIC[1]: apic_id 34, version 33, address 0xfec01000, GSI 24-55
Aug 31 14:43:38 holoiso kernel: ACPI: INT_SRC_OVR (bus 0 bus_irq 0 global_irq 2 dfl dfl)
Aug 31 14:43:38 holoiso kernel: ACPI: INT_SRC_OVR (bus 0 bus_irq 9 global_irq 9 low level)
Aug 31 14:43:38 holoiso kernel: ACPI: Using ACPI (MADT) for SMP configuration information
Aug 31 14:43:38 holoiso kernel: ACPI: HPET id: 0x10228201 base: 0xfed00000
Aug 31 14:43:38 holoiso kernel: e820: update [mem 0xc7650000-0xc7c3efff] usable ==> reserved
Aug 31 14:43:38 holoiso kernel: smpboot: Allowing 16 CPUs, 4 hotplug CPUs
Aug 31 14:43:38 holoiso kernel: PM: hibernation: Registered nosave memory: [mem 0x00000000-0x00000fff]
Aug 31 14:43:38 holoiso kernel: PM: hibernation: Registered nosave memory: [mem 0x000a0000-0x000fffff]
Aug 31 14:43:38 holoiso kernel: PM: hibernation: Registered nosave memory: [mem 0x09bff000-0x0a000fff]
Aug 31 14:43:38 holoiso kernel: PM: hibernation: Registered nosave memory: [mem 0x0a200000-0x0a20efff]
Aug 31 14:43:38 holoiso kernel: PM: hibernation: Registered nosave memory: [mem 0xc7650000-0xc7c3efff]
Aug 31 14:43:38 holoiso kernel: PM: hibernation: Registered nosave memory: [mem 0xca312000-0xca312fff]
Aug 31 14:43:38 holoiso kernel: PM: hibernation: Registered nosave memory: [mem 0xcb2a0000-0xcc7a8fff]
Aug 31 14:43:38 holoiso kernel: PM: hibernation: Registered nosave memory: [mem 0xcc7a9000-0xcc7f5fff]
Aug 31 14:43:38 holoiso kernel: PM: hibernation: Registered nosave memory: [mem 0xcc7f6000-0xcc9a8fff]
Aug 31 14:43:38 holoiso kernel: PM: hibernation: Registered nosave memory: [mem 0xcc9a9000-0xcd180fff]
Aug 31 14:43:38 holoiso kernel: PM: hibernation: Registered nosave memory: [mem 0xcd181000-0xcd1fefff]
Aug 31 14:43:38 holoiso kernel: PM: hibernation: Registered nosave memory: [mem 0xce000000-0xcfffffff]
Aug 31 14:43:38 holoiso kernel: PM: hibernation: Registered nosave memory: [mem 0xd0000000-0xfec0ffff]
Aug 31 14:43:38 holoiso kernel: PM: hibernation: Registered nosave memory: [mem 0xfec10000-0xfec10fff]
Aug 31 14:43:38 holoiso kernel: PM: hibernation: Registered nosave memory: [mem 0xfec11000-0xfecfffff]
Aug 31 14:43:38 holoiso kernel: PM: hibernation: Registered nosave memory: [mem 0xfed00000-0xfed00fff]
Aug 31 14:43:38 holoiso kernel: PM: hibernation: Registered nosave memory: [mem 0xfed01000-0xfed3ffff]
Aug 31 14:43:38 holoiso kernel: PM: hibernation: Registered nosave memory: [mem 0xfed40000-0xfed44fff]
Aug 31 14:43:38 holoiso kernel: PM: hibernation: Registered nosave memory: [mem 0xfed45000-0xfed7ffff]
Aug 31 14:43:38 holoiso kernel: PM: hibernation: Registered nosave memory: [mem 0xfed80000-0xfed8ffff]
Aug 31 14:43:38 holoiso kernel: PM: hibernation: Registered nosave memory: [mem 0xfed90000-0xfedc3fff]
Aug 31 14:43:38 holoiso kernel: PM: hibernation: Registered nosave memory: [mem 0xfedc4000-0xfedc9fff]
Aug 31 14:43:38 holoiso kernel: PM: hibernation: Registered nosave memory: [mem 0xfedca000-0xfedcbfff]
Aug 31 14:43:38 holoiso kernel: PM: hibernation: Registered nosave memory: [mem 0xfedcc000-0xfedcefff]
Aug 31 14:43:38 holoiso kernel: PM: hibernation: Registered nosave memory: [mem 0xfedcf000-0xfedd4fff]
Aug 31 14:43:38 holoiso kernel: PM: hibernation: Registered nosave memory: [mem 0xfedd5000-0xfedd5fff]
Aug 31 14:43:38 holoiso kernel: PM: hibernation: Registered nosave memory: [mem 0xfedd6000-0xffffffff]
Aug 31 14:43:38 holoiso kernel: [mem 0xd0000000-0xfec0ffff] available for PCI devices
Aug 31 14:43:38 holoiso kernel: Booting paravirtualized kernel on bare hardware
Aug 31 14:43:38 holoiso kernel: clocksource: refined-jiffies: mask: 0xffffffff max_cycles: 0xffffffff, max_idle_ns: 1910969940391419 ns
Aug 31 14:43:38 holoiso kernel: setup_percpu: NR_CPUS:320 nr_cpumask_bits:16 nr_cpu_ids:16 nr_node_ids:1
Aug 31 14:43:38 holoiso kernel: percpu: Embedded 64 pages/cpu s225280 r8192 d28672 u262144
Aug 31 14:43:38 holoiso kernel: pcpu-alloc: s225280 r8192 d28672 u262144 alloc=1*2097152
Aug 31 14:43:38 holoiso kernel: pcpu-alloc: [0] 00 01 02 03 04 05 06 07 [0] 08 09 10 11 12 13 14 15 
Aug 31 14:43:38 holoiso kernel: Kernel command line: BOOT_IMAGE=/boot/vmlinuz-linux-zen root=UUID=f31e22a4-bbcc-4081-a81a-24d6ee25d605 rw quiet splash plymouth.nolog
Aug 31 14:43:38 holoiso kernel: Unknown kernel command line parameters "splash BOOT_IMAGE=/boot/vmlinuz-linux-zen", will be passed to user space.
Aug 31 14:43:38 holoiso kernel: random: crng init done
Aug 31 14:43:38 holoiso kernel: Dentry cache hash table entries: 2097152 (order: 12, 16777216 bytes, linear)
Aug 31 14:43:38 holoiso kernel: Inode-cache hash table entries: 1048576 (order: 11, 8388608 bytes, linear)
Aug 31 14:43:38 holoiso kernel: Fallback order for Node 0: 0 
Aug 31 14:43:38 holoiso kernel: Built 1 zonelists, mobility grouping on.  Total pages: 3330065
Aug 31 14:43:38 holoiso kernel: Policy zone: Normal
Aug 31 14:43:38 holoiso kernel: mem auto-init: stack:all(zero), heap alloc:on, heap free:off
Aug 31 14:43:38 holoiso kernel: software IO TLB: area num 16.
Aug 31 14:43:38 holoiso kernel: Memory: 13088444K/13532348K available (18432K kernel code, 2140K rwdata, 12628K rodata, 3536K init, 3644K bss, 443644K reserved, 0K cma-reserved)
Aug 31 14:43:38 holoiso kernel: SLUB: HWalign=64, Order=0-3, MinObjects=0, CPUs=16, Nodes=1
Aug 31 14:43:38 holoiso kernel: ftrace: allocating 45279 entries in 177 pages
Aug 31 14:43:38 holoiso kernel: ftrace: allocated 177 pages with 4 groups
Aug 31 14:43:38 holoiso kernel: Dynamic Preempt: full
Aug 31 14:43:38 holoiso kernel: rcu: Preemptible hierarchical RCU implementation.
Aug 31 14:43:38 holoiso kernel: rcu:         RCU restricting CPUs from NR_CPUS=320 to nr_cpu_ids=16.
Aug 31 14:43:38 holoiso kernel: rcu:         RCU priority boosting: priority 1 delay 500 ms.
Aug 31 14:43:38 holoiso kernel:         Trampoline variant of Tasks RCU enabled.
Aug 31 14:43:38 holoiso kernel:         Rude variant of Tasks RCU enabled.
Aug 31 14:43:38 holoiso kernel:         Tracing variant of Tasks RCU enabled.
Aug 31 14:43:38 holoiso kernel: rcu: RCU calculated value of scheduler-enlistment delay is 100 jiffies.
Aug 31 14:43:38 holoiso kernel: rcu: Adjusting geometry for rcu_fanout_leaf=16, nr_cpu_ids=16
Aug 31 14:43:38 holoiso kernel: NR_IRQS: 20736, nr_irqs: 1096, preallocated irqs: 16
Aug 31 14:43:38 holoiso kernel: rcu: srcu_init: Setting srcu_struct sizes based on contention.
Aug 31 14:43:38 holoiso kernel: kfence: initialized - using 2097152 bytes for 255 objects at 0x(____ptrval____)-0x(____ptrval____)
Aug 31 14:43:38 holoiso kernel: Console: colour dummy device 80x25
Aug 31 14:43:38 holoiso kernel: printk: console [tty0] enabled
Aug 31 14:43:38 holoiso kernel: ACPI: Core revision 20230331
Aug 31 14:43:38 holoiso kernel: clocksource: hpet: mask: 0xffffffff max_cycles: 0xffffffff, max_idle_ns: 133484873504 ns
Aug 31 14:43:38 holoiso kernel: APIC: Switch to symmetric I/O mode setup
Aug 31 14:43:38 holoiso kernel: AMD-Vi: ivrs, add hid:AMDI0020, uid:\_SB.FUR0, rdevid:160
Aug 31 14:43:38 holoiso kernel: AMD-Vi: ivrs, add hid:AMDI0020, uid:\_SB.FUR1, rdevid:160
Aug 31 14:43:38 holoiso kernel: AMD-Vi: ivrs, add hid:AMDI0020, uid:\_SB.FUR2, rdevid:160
Aug 31 14:43:38 holoiso kernel: AMD-Vi: ivrs, add hid:AMDI0020, uid:\_SB.FUR3, rdevid:160
Aug 31 14:43:38 holoiso kernel: AMD-Vi: Using global IVHD EFR:0x206d73ef22254ade, EFR2:0x0
Aug 31 14:43:38 holoiso kernel: Switched APIC routing to physical flat.
Aug 31 14:43:38 holoiso kernel: ..TIMER: vector=0x30 apic1=0 pin1=2 apic2=-1 pin2=-1
Aug 31 14:43:38 holoiso kernel: clocksource: tsc-early: mask: 0xffffffffffffffff max_cycles: 0x21173f8809a, max_idle_ns: 440795231432 ns
Aug 31 14:43:38 holoiso kernel: Calibrating delay loop (skipped), value calculated using timer frequency.. 4591.35 BogoMIPS (lpj=2295675)
Aug 31 14:43:38 holoiso kernel: x86/cpu: User Mode Instruction Prevention (UMIP) activated
Aug 31 14:43:38 holoiso kernel: LVT offset 1 assigned for vector 0xf9
Aug 31 14:43:38 holoiso kernel: LVT offset 2 assigned for vector 0xf4
Aug 31 14:43:38 holoiso kernel: process: using mwait in idle threads
Aug 31 14:43:38 holoiso kernel: Last level iTLB entries: 4KB 512, 2MB 512, 4MB 256
Aug 31 14:43:38 holoiso kernel: Last level dTLB entries: 4KB 2048, 2MB 2048, 4MB 1024, 1GB 0
Aug 31 14:43:38 holoiso kernel: Spectre V1 : Mitigation: usercopy/swapgs barriers and __user pointer sanitization
Aug 31 14:43:38 holoiso kernel: Spectre V2 : Mitigation: Retpolines
Aug 31 14:43:38 holoiso kernel: Spectre V2 : Spectre v2 / SpectreRSB mitigation: Filling RSB on context switch
Aug 31 14:43:38 holoiso kernel: Spectre V2 : Spectre v2 / SpectreRSB : Filling RSB on VMEXIT
Aug 31 14:43:38 holoiso kernel: Spectre V2 : Enabling Restricted Speculation for firmware calls
Aug 31 14:43:38 holoiso kernel: Spectre V2 : mitigation: Enabling conditional Indirect Branch Prediction Barrier
Aug 31 14:43:38 holoiso kernel: Spectre V2 : User space: Mitigation: STIBP always-on protection
Aug 31 14:43:38 holoiso kernel: Speculative Store Bypass: Mitigation: Speculative Store Bypass disabled via prctl
Aug 31 14:43:38 holoiso kernel: Speculative Return Stack Overflow: IBPB-extending microcode not applied!
Aug 31 14:43:38 holoiso kernel: Speculative Return Stack Overflow: WARNING: See https://kernel.org/doc/html/latest/admin-guide/hw-vuln/srso.html for mitigation options.
Aug 31 14:43:38 holoiso kernel: Speculative Return Stack Overflow: Mitigation: safe RET, no microcode
Aug 31 14:43:38 holoiso kernel: x86/fpu: Supporting XSAVE feature 0x001: 'x87 floating point registers'
Aug 31 14:43:38 holoiso kernel: x86/fpu: Supporting XSAVE feature 0x002: 'SSE registers'
Aug 31 14:43:38 holoiso kernel: x86/fpu: Supporting XSAVE feature 0x004: 'AVX registers'
Aug 31 14:43:38 holoiso kernel: x86/fpu: Supporting XSAVE feature 0x200: 'Protection Keys User registers'
Aug 31 14:43:38 holoiso kernel: x86/fpu: xstate_offset[2]:  576, xstate_sizes[2]:  256
Aug 31 14:43:38 holoiso kernel: x86/fpu: xstate_offset[9]:  832, xstate_sizes[9]:    8
Aug 31 14:43:38 holoiso kernel: x86/fpu: Enabled xstate features 0x207, context size is 840 bytes, using 'compacted' format.
Aug 31 14:43:38 holoiso kernel: Freeing SMP alternatives memory: 48K
Aug 31 14:43:38 holoiso kernel: pid_max: default: 32768 minimum: 301
Aug 31 14:43:38 holoiso kernel: LSM: initializing lsm=capability,landlock,lockdown,yama,bpf,integrity
Aug 31 14:43:38 holoiso kernel: landlock: Up and running.
Aug 31 14:43:38 holoiso kernel: Yama: becoming mindful.
Aug 31 14:43:38 holoiso kernel: LSM support for eBPF active
Aug 31 14:43:38 holoiso kernel: Mount-cache hash table entries: 32768 (order: 6, 262144 bytes, linear)
Aug 31 14:43:38 holoiso kernel: Mountpoint-cache hash table entries: 32768 (order: 6, 262144 bytes, linear)
Aug 31 14:43:38 holoiso kernel: smpboot: CPU0: AMD Ryzen 5 5560U with Radeon Graphics (family: 0x19, model: 0x50, stepping: 0x0)
Aug 31 14:43:38 holoiso kernel: cblist_init_generic: Setting adjustable number of callback queues.
Aug 31 14:43:38 holoiso kernel: cblist_init_generic: Setting shift to 4 and lim to 1.
Aug 31 14:43:38 holoiso kernel: cblist_init_generic: Setting adjustable number of callback queues.
Aug 31 14:43:38 holoiso kernel: cblist_init_generic: Setting shift to 4 and lim to 1.
Aug 31 14:43:38 holoiso kernel: cblist_init_generic: Setting adjustable number of callback queues.
Aug 31 14:43:38 holoiso kernel: cblist_init_generic: Setting shift to 4 and lim to 1.
Aug 31 14:43:38 holoiso kernel: Performance Events: Fam17h+ core perfctr, AMD PMU driver.
Aug 31 14:43:38 holoiso kernel: ... version:                0
Aug 31 14:43:38 holoiso kernel: ... bit width:              48
Aug 31 14:43:38 holoiso kernel: ... generic registers:      6
Aug 31 14:43:38 holoiso kernel: ... value mask:             0000ffffffffffff
Aug 31 14:43:38 holoiso kernel: ... max period:             00007fffffffffff
Aug 31 14:43:38 holoiso kernel: ... fixed-purpose events:   0
Aug 31 14:43:38 holoiso kernel: ... event mask:             000000000000003f
Aug 31 14:43:38 holoiso kernel: signal: max sigframe size: 3376
Aug 31 14:43:38 holoiso kernel: rcu: Hierarchical SRCU implementation.
Aug 31 14:43:38 holoiso kernel: rcu:         Max phase no-delay instances is 400.
Aug 31 14:43:38 holoiso kernel: NMI watchdog: Enabled. Permanently consumes one hw-PMU counter.
Aug 31 14:43:38 holoiso kernel: smp: Bringing up secondary CPUs ...
Aug 31 14:43:38 holoiso kernel: x86: Booting SMP configuration:
Aug 31 14:43:38 holoiso kernel: .... node  #0, CPUs:        #1
Aug 31 14:43:38 holoiso kernel: Spectre V2 : Update user space SMT mitigation: STIBP always-on
Aug 31 14:43:38 holoiso kernel:   #2  #3  #4  #5  #6  #7  #8  #9 #10 #11
Aug 31 14:43:38 holoiso kernel: smp: Brought up 1 node, 12 CPUs
Aug 31 14:43:38 holoiso kernel: smpboot: Max logical packages: 2
Aug 31 14:43:38 holoiso kernel: smpboot: Total of 12 processors activated (55096.20 BogoMIPS)
Aug 31 14:43:38 holoiso kernel: devtmpfs: initialized
Aug 31 14:43:38 holoiso kernel: x86/mm: Memory block size: 128MB
Aug 31 14:43:38 holoiso kernel: ACPI: PM: Registering ACPI NVS region [mem 0x0a200000-0x0a20efff] (61440 bytes)
Aug 31 14:43:38 holoiso kernel: ACPI: PM: Registering ACPI NVS region [mem 0xcc7f6000-0xcc9a8fff] (1781760 bytes)
Aug 31 14:43:38 holoiso kernel: clocksource: jiffies: mask: 0xffffffff max_cycles: 0xffffffff, max_idle_ns: 1911260446275000 ns
Aug 31 14:43:38 holoiso kernel: futex hash table entries: 4096 (order: 6, 262144 bytes, linear)
Aug 31 14:43:38 holoiso kernel: pinctrl core: initialized pinctrl subsystem
Aug 31 14:43:38 holoiso kernel: PM: RTC time: 14:43:32, date: 2023-08-31
Aug 31 14:43:38 holoiso kernel: NET: Registered PF_NETLINK/PF_ROUTE protocol family
Aug 31 14:43:38 holoiso kernel: DMA: preallocated 2048 KiB GFP_KERNEL pool for atomic allocations
Aug 31 14:43:38 holoiso kernel: DMA: preallocated 2048 KiB GFP_KERNEL|GFP_DMA pool for atomic allocations
Aug 31 14:43:38 holoiso kernel: DMA: preallocated 2048 KiB GFP_KERNEL|GFP_DMA32 pool for atomic allocations
Aug 31 14:43:38 holoiso kernel: audit: initializing netlink subsys (disabled)
Aug 31 14:43:38 holoiso kernel: audit: type=2000 audit(1693493012.148:1): state=initialized audit_enabled=0 res=1
Aug 31 14:43:38 holoiso kernel: thermal_sys: Registered thermal governor 'fair_share'
Aug 31 14:43:38 holoiso kernel: thermal_sys: Registered thermal governor 'bang_bang'
Aug 31 14:43:38 holoiso kernel: thermal_sys: Registered thermal governor 'step_wise'
Aug 31 14:43:38 holoiso kernel: thermal_sys: Registered thermal governor 'user_space'
Aug 31 14:43:38 holoiso kernel: thermal_sys: Registered thermal governor 'power_allocator'
Aug 31 14:43:38 holoiso kernel: cpuidle: using governor ladder
Aug 31 14:43:38 holoiso kernel: cpuidle: using governor menu
Aug 31 14:43:38 holoiso kernel: acpiphp: ACPI Hot Plug PCI Controller Driver version: 0.5
Aug 31 14:43:38 holoiso kernel: PCI: MMCONFIG for domain 0000 [bus 00-7f] at [mem 0xf0000000-0xf7ffffff] (base 0xf0000000)
Aug 31 14:43:38 holoiso kernel: PCI: not using MMCONFIG
Aug 31 14:43:38 holoiso kernel: PCI: Using configuration type 1 for base access
Aug 31 14:43:38 holoiso kernel: PCI: Using configuration type 1 for extended access
Aug 31 14:43:38 holoiso kernel: kprobes: kprobe jump-optimization is enabled. All kprobes are optimized if possible.
Aug 31 14:43:38 holoiso kernel: HugeTLB: registered 1.00 GiB page size, pre-allocated 0 pages
Aug 31 14:43:38 holoiso kernel: HugeTLB: 16380 KiB vmemmap can be freed for a 1.00 GiB page
Aug 31 14:43:38 holoiso kernel: HugeTLB: registered 2.00 MiB page size, pre-allocated 0 pages
Aug 31 14:43:38 holoiso kernel: HugeTLB: 28 KiB vmemmap can be freed for a 2.00 MiB page
Aug 31 14:43:38 holoiso kernel: ACPI: Added _OSI(Module Device)
Aug 31 14:43:38 holoiso kernel: ACPI: Added _OSI(Processor Device)
Aug 31 14:43:38 holoiso kernel: ACPI: Added _OSI(3.0 _SCP Extensions)
Aug 31 14:43:38 holoiso kernel: ACPI: Added _OSI(Processor Aggregator Device)
Aug 31 14:43:38 holoiso kernel: ACPI: 10 ACPI AML tables successfully acquired and loaded
Aug 31 14:43:38 holoiso kernel: ACPI: [Firmware Bug]: BIOS _OSI(Linux) query ignored
Aug 31 14:43:38 holoiso kernel: ACPI: EC: EC started
Aug 31 14:43:38 holoiso kernel: ACPI: EC: interrupt blocked
Aug 31 14:43:38 holoiso kernel: ACPI: EC: EC_CMD/EC_SC=0x66, EC_DATA=0x62
Aug 31 14:43:38 holoiso kernel: ACPI: \_SB_.PCI0.SBRG.EC0_: Boot DSDT EC used to handle transactions
Aug 31 14:43:38 holoiso kernel: ACPI: Interpreter enabled
Aug 31 14:43:38 holoiso kernel: ACPI: PM: (supports S0 S3 S4 S5)
Aug 31 14:43:38 holoiso kernel: ACPI: Using IOAPIC for interrupt routing
Aug 31 14:43:38 holoiso kernel: PCI: MMCONFIG for domain 0000 [bus 00-7f] at [mem 0xf0000000-0xf7ffffff] (base 0xf0000000)
Aug 31 14:43:38 holoiso kernel: PCI: MMCONFIG at [mem 0xf0000000-0xf7ffffff] reserved as ACPI motherboard resource
Aug 31 14:43:38 holoiso kernel: PCI: Using host bridge windows from ACPI; if necessary, use "pci=nocrs" and report a bug
Aug 31 14:43:38 holoiso kernel: PCI: Using E820 reservations for host bridge windows
Aug 31 14:43:38 holoiso kernel: ACPI: Enabled 5 GPEs in block 00 to 1F
Aug 31 14:43:38 holoiso kernel: ACPI: PCI Root Bridge [PCI0] (domain 0000 [bus 00-ff])
Aug 31 14:43:38 holoiso kernel: acpi PNP0A08:00: _OSC: OS supports [ExtendedConfig ASPM ClockPM Segments MSI EDR HPX-Type3]
Aug 31 14:43:38 holoiso kernel: acpi PNP0A08:00: _OSC: platform does not support [SHPCHotplug LTR DPC]
Aug 31 14:43:38 holoiso kernel: acpi PNP0A08:00: _OSC: OS now controls [PCIeHotplug PME AER PCIeCapability]
Aug 31 14:43:38 holoiso kernel: acpi PNP0A08:00: [Firmware Info]: MMCONFIG for domain 0000 [bus 00-7f] only partially covers this bridge
Aug 31 14:43:38 holoiso kernel: PCI host bridge to bus 0000:00
Aug 31 14:43:38 holoiso kernel: pci_bus 0000:00: root bus resource [io  0x0000-0x03af window]
Aug 31 14:43:38 holoiso kernel: pci_bus 0000:00: root bus resource [io  0x03e0-0x0cf7 window]
Aug 31 14:43:38 holoiso kernel: pci_bus 0000:00: root bus resource [io  0x03b0-0x03df window]
Aug 31 14:43:38 holoiso kernel: pci_bus 0000:00: root bus resource [io  0x0d00-0xffff window]
Aug 31 14:43:38 holoiso kernel: pci_bus 0000:00: root bus resource [mem 0x000a0000-0x000dffff window]
Aug 31 14:43:38 holoiso kernel: pci_bus 0000:00: root bus resource [mem 0xd0000000-0xfebfffff window]
Aug 31 14:43:38 holoiso kernel: pci_bus 0000:00: root bus resource [mem 0xfee00000-0xffffffff window]
Aug 31 14:43:38 holoiso kernel: pci_bus 0000:00: root bus resource [bus 00-ff]
Aug 31 14:43:38 holoiso kernel: pci 0000:00:00.0: [1022:1630] type 00 class 0x060000
Aug 31 14:43:38 holoiso kernel: pci 0000:00:00.2: [1022:1631] type 00 class 0x080600
Aug 31 14:43:38 holoiso kernel: pci 0000:00:01.0: [1022:1632] type 00 class 0x060000
Aug 31 14:43:38 holoiso kernel: pci 0000:00:02.0: [1022:1632] type 00 class 0x060000
Aug 31 14:43:38 holoiso kernel: pci 0000:00:02.1: [1022:1634] type 01 class 0x060400
Aug 31 14:43:38 holoiso kernel: pci 0000:00:02.1: enabling Extended Tags
Aug 31 14:43:38 holoiso kernel: pci 0000:00:02.1: PME# supported from D0 D3hot D3cold
Aug 31 14:43:38 holoiso kernel: pci 0000:00:02.2: [1022:1634] type 01 class 0x060400
Aug 31 14:43:38 holoiso kernel: pci 0000:00:02.2: PME# supported from D0 D3hot D3cold
Aug 31 14:43:38 holoiso kernel: pci 0000:00:02.4: [1022:1634] type 01 class 0x060400
Aug 31 14:43:38 holoiso kernel: pci 0000:00:02.4: PME# supported from D0 D3hot D3cold
Aug 31 14:43:38 holoiso kernel: pci 0000:00:08.0: [1022:1632] type 00 class 0x060000
Aug 31 14:43:38 holoiso kernel: pci 0000:00:08.1: [1022:1635] type 01 class 0x060400
Aug 31 14:43:38 holoiso kernel: pci 0000:00:08.1: enabling Extended Tags
Aug 31 14:43:38 holoiso kernel: pci 0000:00:08.1: PME# supported from D0 D3hot D3cold
Aug 31 14:43:38 holoiso kernel: pci 0000:00:14.0: [1022:790b] type 00 class 0x0c0500
Aug 31 14:43:38 holoiso kernel: pci 0000:00:14.3: [1022:790e] type 00 class 0x060100
Aug 31 14:43:38 holoiso kernel: pci 0000:00:18.0: [1022:166a] type 00 class 0x060000
Aug 31 14:43:38 holoiso kernel: pci 0000:00:18.1: [1022:166b] type 00 class 0x060000
Aug 31 14:43:38 holoiso kernel: pci 0000:00:18.2: [1022:166c] type 00 class 0x060000
Aug 31 14:43:38 holoiso kernel: pci 0000:00:18.3: [1022:166d] type 00 class 0x060000
Aug 31 14:43:38 holoiso kernel: pci 0000:00:18.4: [1022:166e] type 00 class 0x060000
Aug 31 14:43:38 holoiso kernel: pci 0000:00:18.5: [1022:166f] type 00 class 0x060000
Aug 31 14:43:38 holoiso kernel: pci 0000:00:18.6: [1022:1670] type 00 class 0x060000
Aug 31 14:43:38 holoiso kernel: pci 0000:00:18.7: [1022:1671] type 00 class 0x060000
Aug 31 14:43:38 holoiso kernel: pci 0000:01:00.0: [10ec:522a] type 00 class 0xff0000
Aug 31 14:43:38 holoiso kernel: pci 0000:01:00.0: reg 0x10: [mem 0xfcf00000-0xfcf00fff]
Aug 31 14:43:38 holoiso kernel: pci 0000:01:00.0: supports D1 D2
Aug 31 14:43:38 holoiso kernel: pci 0000:01:00.0: PME# supported from D1 D2 D3hot D3cold
Aug 31 14:43:38 holoiso kernel: pci 0000:00:02.1: ASPM: current common clock configuration is inconsistent, reconfiguring
Aug 31 14:43:38 holoiso kernel: pci 0000:00:02.1: PCI bridge to [bus 01]
Aug 31 14:43:38 holoiso kernel: pci 0000:00:02.1:   bridge window [mem 0xfcf00000-0xfcffffff]
Aug 31 14:43:38 holoiso kernel: pci 0000:02:00.0: [14c3:0608] type 00 class 0x028000
Aug 31 14:43:38 holoiso kernel: pci 0000:02:00.0: reg 0x10: [mem 0x00000000-0x000fffff 64bit pref]
Aug 31 14:43:38 holoiso kernel: pci 0000:02:00.0: reg 0x18: [mem 0x00000000-0x00003fff 64bit pref]
Aug 31 14:43:38 holoiso kernel: pci 0000:02:00.0: reg 0x20: [mem 0x00000000-0x00000fff 64bit pref]
Aug 31 14:43:38 holoiso kernel: pci 0000:02:00.0: supports D1 D2
Aug 31 14:43:38 holoiso kernel: pci 0000:02:00.0: PME# supported from D0 D1 D2 D3hot D3cold
Aug 31 14:43:38 holoiso kernel: pci 0000:00:02.2: ASPM: current common clock configuration is inconsistent, reconfiguring
Aug 31 14:43:38 holoiso kernel: pci 0000:00:02.2: PCI bridge to [bus 02]
Aug 31 14:43:38 holoiso kernel: pci 0000:00:02.2:   bridge window [mem 0xe0300000-0xe04fffff 64bit pref]
Aug 31 14:43:38 holoiso kernel: pci 0000:03:00.0: [10ec:5765] type 00 class 0x010802
Aug 31 14:43:38 holoiso kernel: pci 0000:03:00.0: reg 0x10: [mem 0xfce00000-0xfce03fff 64bit]
Aug 31 14:43:38 holoiso kernel: pci 0000:03:00.0: reg 0x24: [mem 0xfce04000-0xfce05fff]
Aug 31 14:43:38 holoiso kernel: pci 0000:00:02.4: PCI bridge to [bus 03]
Aug 31 14:43:38 holoiso kernel: pci 0000:00:02.4:   bridge window [mem 0xfce00000-0xfcefffff]
Aug 31 14:43:38 holoiso kernel: pci 0000:04:00.0: [1002:1638] type 00 class 0x030000
Aug 31 14:43:38 holoiso kernel: pci 0000:04:00.0: reg 0x10: [mem 0xd0000000-0xdfffffff 64bit pref]
Aug 31 14:43:38 holoiso kernel: pci 0000:04:00.0: reg 0x18: [mem 0xe0000000-0xe01fffff 64bit pref]
Aug 31 14:43:38 holoiso kernel: pci 0000:04:00.0: reg 0x20: [io  0xf000-0xf0ff]
Aug 31 14:43:38 holoiso kernel: pci 0000:04:00.0: reg 0x24: [mem 0xfcd00000-0xfcd7ffff]
Aug 31 14:43:38 holoiso kernel: pci 0000:04:00.0: enabling Extended Tags
Aug 31 14:43:38 holoiso kernel: pci 0000:04:00.0: BAR 0: assigned to efifb
Aug 31 14:43:38 holoiso kernel: pci 0000:04:00.0: PME# supported from D1 D2 D3hot D3cold
Aug 31 14:43:38 holoiso kernel: pci 0000:04:00.0: 126.016 Gb/s available PCIe bandwidth, limited by 8.0 GT/s PCIe x16 link at 0000:00:08.1 (capable of 252.048 Gb/s with 16.0 GT/s PCIe x16 link)
Aug 31 14:43:38 holoiso kernel: pci 0000:04:00.1: [1002:1637] type 00 class 0x040300
Aug 31 14:43:38 holoiso kernel: pci 0000:04:00.1: reg 0x10: [mem 0xfcdc8000-0xfcdcbfff]
Aug 31 14:43:38 holoiso kernel: pci 0000:04:00.1: enabling Extended Tags
Aug 31 14:43:38 holoiso kernel: pci 0000:04:00.1: PME# supported from D1 D2 D3hot D3cold
Aug 31 14:43:38 holoiso kernel: pci 0000:04:00.2: [1022:15df] type 00 class 0x108000
Aug 31 14:43:38 holoiso kernel: pci 0000:04:00.2: reg 0x18: [mem 0xfcc00000-0xfccfffff]
Aug 31 14:43:38 holoiso kernel: pci 0000:04:00.2: reg 0x24: [mem 0xfcdcc000-0xfcdcdfff]
Aug 31 14:43:38 holoiso kernel: pci 0000:04:00.2: enabling Extended Tags
Aug 31 14:43:38 holoiso kernel: pci 0000:04:00.3: [1022:1639] type 00 class 0x0c0330
Aug 31 14:43:38 holoiso kernel: pci 0000:04:00.3: reg 0x10: [mem 0xfcb00000-0xfcbfffff 64bit]
Aug 31 14:43:38 holoiso kernel: pci 0000:04:00.3: enabling Extended Tags
Aug 31 14:43:38 holoiso kernel: pci 0000:04:00.3: PME# supported from D0 D3hot D3cold
Aug 31 14:43:38 holoiso kernel: pci 0000:04:00.4: [1022:1639] type 00 class 0x0c0330
Aug 31 14:43:38 holoiso kernel: pci 0000:04:00.4: reg 0x10: [mem 0xfca00000-0xfcafffff 64bit]
Aug 31 14:43:38 holoiso kernel: pci 0000:04:00.4: enabling Extended Tags
Aug 31 14:43:38 holoiso kernel: pci 0000:04:00.4: PME# supported from D0 D3hot D3cold
Aug 31 14:43:38 holoiso kernel: pci 0000:04:00.5: [1022:15e2] type 00 class 0x048000
Aug 31 14:43:38 holoiso kernel: pci 0000:04:00.5: reg 0x10: [mem 0xfcd80000-0xfcdbffff]
Aug 31 14:43:38 holoiso kernel: pci 0000:04:00.5: enabling Extended Tags
Aug 31 14:43:38 holoiso kernel: pci 0000:04:00.5: PME# supported from D0 D3hot D3cold
Aug 31 14:43:38 holoiso kernel: pci 0000:04:00.6: [1022:15e3] type 00 class 0x040300
Aug 31 14:43:38 holoiso kernel: pci 0000:04:00.6: reg 0x10: [mem 0xfcdc0000-0xfcdc7fff]
Aug 31 14:43:38 holoiso kernel: pci 0000:04:00.6: enabling Extended Tags
Aug 31 14:43:38 holoiso kernel: pci 0000:04:00.6: PME# supported from D0 D3hot D3cold
Aug 31 14:43:38 holoiso kernel: pci 0000:00:08.1: PCI bridge to [bus 04]
Aug 31 14:43:38 holoiso kernel: pci 0000:00:08.1:   bridge window [io  0xf000-0xffff]
Aug 31 14:43:38 holoiso kernel: pci 0000:00:08.1:   bridge window [mem 0xfca00000-0xfcdfffff]
Aug 31 14:43:38 holoiso kernel: pci 0000:00:08.1:   bridge window [mem 0xd0000000-0xe01fffff 64bit pref]
Aug 31 14:43:38 holoiso kernel: ACPI: PCI: Interrupt link LNKA configured for IRQ 0
Aug 31 14:43:38 holoiso kernel: ACPI: PCI: Interrupt link LNKB configured for IRQ 0
Aug 31 14:43:38 holoiso kernel: ACPI: PCI: Interrupt link LNKC configured for IRQ 0
Aug 31 14:43:38 holoiso kernel: ACPI: PCI: Interrupt link LNKD configured for IRQ 0
Aug 31 14:43:38 holoiso kernel: ACPI: PCI: Interrupt link LNKE configured for IRQ 0
Aug 31 14:43:38 holoiso kernel: ACPI: PCI: Interrupt link LNKF configured for IRQ 0
Aug 31 14:43:38 holoiso kernel: ACPI: PCI: Interrupt link LNKG configured for IRQ 0
Aug 31 14:43:38 holoiso kernel: ACPI: PCI: Interrupt link LNKH configured for IRQ 0
Aug 31 14:43:38 holoiso kernel: ACPI: EC: interrupt unblocked
Aug 31 14:43:38 holoiso kernel: ACPI: EC: event unblocked
Aug 31 14:43:38 holoiso kernel: ACPI: EC: EC_CMD/EC_SC=0x66, EC_DATA=0x62
Aug 31 14:43:38 holoiso kernel: ACPI: EC: GPE=0x3
Aug 31 14:43:38 holoiso kernel: ACPI: \_SB_.PCI0.SBRG.EC0_: Boot DSDT EC initialization complete
Aug 31 14:43:38 holoiso kernel: ACPI: \_SB_.PCI0.SBRG.EC0_: EC: Used to handle transactions and events
Aug 31 14:43:38 holoiso kernel: iommu: Default domain type: Translated 
Aug 31 14:43:38 holoiso kernel: iommu: DMA domain TLB invalidation policy: lazy mode 
Aug 31 14:43:38 holoiso kernel: SCSI subsystem initialized
Aug 31 14:43:38 holoiso kernel: libata version 3.00 loaded.
Aug 31 14:43:38 holoiso kernel: ACPI: bus type USB registered
Aug 31 14:43:38 holoiso kernel: usbcore: registered new interface driver usbfs
Aug 31 14:43:38 holoiso kernel: usbcore: registered new interface driver hub
Aug 31 14:43:38 holoiso kernel: usbcore: registered new device driver usb
Aug 31 14:43:38 holoiso kernel: pps_core: LinuxPPS API ver. 1 registered
Aug 31 14:43:38 holoiso kernel: pps_core: Software ver. 5.3.6 - Copyright 2005-2007 Rodolfo Giometti <giometti@linux.it>
Aug 31 14:43:38 holoiso kernel: PTP clock support registered
Aug 31 14:43:38 holoiso kernel: EDAC MC: Ver: 3.0.0
Aug 31 14:43:38 holoiso kernel: efivars: Registered efivars operations
Aug 31 14:43:38 holoiso kernel: NetLabel: Initializing
Aug 31 14:43:38 holoiso kernel: NetLabel:  domain hash size = 128
Aug 31 14:43:38 holoiso kernel: NetLabel:  protocols = UNLABELED CIPSOv4 CALIPSO
Aug 31 14:43:38 holoiso kernel: NetLabel:  unlabeled traffic allowed by default
Aug 31 14:43:38 holoiso kernel: mctp: management component transport protocol core
Aug 31 14:43:38 holoiso kernel: NET: Registered PF_MCTP protocol family
Aug 31 14:43:38 holoiso kernel: PCI: Using ACPI for IRQ routing
Aug 31 14:43:38 holoiso kernel: PCI: pci_cache_line_size set to 64 bytes
Aug 31 14:43:38 holoiso kernel: e820: reserve RAM buffer [mem 0x09bff000-0x0bffffff]
Aug 31 14:43:38 holoiso kernel: e820: reserve RAM buffer [mem 0x0a200000-0x0bffffff]
Aug 31 14:43:38 holoiso kernel: e820: reserve RAM buffer [mem 0xc7650000-0xc7ffffff]
Aug 31 14:43:38 holoiso kernel: e820: reserve RAM buffer [mem 0xca312000-0xcbffffff]
Aug 31 14:43:38 holoiso kernel: e820: reserve RAM buffer [mem 0xcb2a0000-0xcbffffff]
Aug 31 14:43:38 holoiso kernel: e820: reserve RAM buffer [mem 0xce000000-0xcfffffff]
Aug 31 14:43:38 holoiso kernel: e820: reserve RAM buffer [mem 0x36e300000-0x36fffffff]
Aug 31 14:43:38 holoiso kernel: pci 0000:04:00.0: vgaarb: setting as boot VGA device
Aug 31 14:43:38 holoiso kernel: pci 0000:04:00.0: vgaarb: bridge control possible
Aug 31 14:43:38 holoiso kernel: pci 0000:04:00.0: vgaarb: VGA device added: decodes=io+mem,owns=none,locks=none
Aug 31 14:43:38 holoiso kernel: vgaarb: loaded
Aug 31 14:43:38 holoiso kernel: hpet0: at MMIO 0xfed00000, IRQs 2, 8, 0
Aug 31 14:43:38 holoiso kernel: hpet0: 3 comparators, 32-bit 14.318180 MHz counter
Aug 31 14:43:38 holoiso kernel: clocksource: Switched to clocksource tsc-early
Aug 31 14:43:38 holoiso kernel: VFS: Disk quotas dquot_6.6.0
Aug 31 14:43:38 holoiso kernel: VFS: Dquot-cache hash table entries: 512 (order 0, 4096 bytes)
Aug 31 14:43:38 holoiso kernel: pnp: PnP ACPI init
Aug 31 14:43:38 holoiso kernel: system 00:00: [mem 0xf0000000-0xf7ffffff] has been reserved
Aug 31 14:43:38 holoiso kernel: system 00:02: [io  0x04d0-0x04d1] has been reserved
Aug 31 14:43:38 holoiso kernel: system 00:02: [io  0x040b] has been reserved
Aug 31 14:43:38 holoiso kernel: system 00:02: [io  0x04d6] has been reserved
Aug 31 14:43:38 holoiso kernel: system 00:02: [io  0x0c00-0x0c01] has been reserved
Aug 31 14:43:38 holoiso kernel: system 00:02: [io  0x0c14] has been reserved
Aug 31 14:43:38 holoiso kernel: system 00:02: [io  0x0c50-0x0c51] has been reserved
Aug 31 14:43:38 holoiso kernel: system 00:02: [io  0x0c52] has been reserved
Aug 31 14:43:38 holoiso kernel: system 00:02: [io  0x0c6c] has been reserved
Aug 31 14:43:38 holoiso kernel: system 00:02: [io  0x0c6f] has been reserved
Aug 31 14:43:38 holoiso kernel: system 00:02: [io  0x0cd8-0x0cdf] has been reserved
Aug 31 14:43:38 holoiso kernel: system 00:02: [io  0x0800-0x089f] has been reserved
Aug 31 14:43:38 holoiso kernel: system 00:02: [io  0x0b00-0x0b0f] has been reserved
Aug 31 14:43:38 holoiso kernel: system 00:02: [io  0x0b20-0x0b3f] has been reserved
Aug 31 14:43:38 holoiso kernel: system 00:02: [io  0x0900-0x090f] has been reserved
Aug 31 14:43:38 holoiso kernel: system 00:02: [io  0x0910-0x091f] has been reserved
Aug 31 14:43:38 holoiso kernel: system 00:02: [mem 0xfec00000-0xfec00fff] could not be reserved
Aug 31 14:43:38 holoiso kernel: system 00:02: [mem 0xfec01000-0xfec01fff] could not be reserved
Aug 31 14:43:38 holoiso kernel: system 00:02: [mem 0xfedc0000-0xfedc0fff] has been reserved
Aug 31 14:43:38 holoiso kernel: system 00:02: [mem 0xfee00000-0xfee00fff] has been reserved
Aug 31 14:43:38 holoiso kernel: system 00:02: [mem 0xfed80000-0xfed8ffff] could not be reserved
Aug 31 14:43:38 holoiso kernel: system 00:02: [mem 0xfec10000-0xfec10fff] has been reserved
Aug 31 14:43:38 holoiso kernel: system 00:02: [mem 0xff000000-0xffffffff] has been reserved
Aug 31 14:43:38 holoiso kernel: pnp: PnP ACPI: found 5 devices
Aug 31 14:43:38 holoiso kernel: clocksource: acpi_pm: mask: 0xffffff max_cycles: 0xffffff, max_idle_ns: 2085701024 ns
Aug 31 14:43:38 holoiso kernel: NET: Registered PF_INET protocol family
Aug 31 14:43:38 holoiso kernel: IP idents hash table entries: 262144 (order: 9, 2097152 bytes, linear)
Aug 31 14:43:38 holoiso kernel: tcp_listen_portaddr_hash hash table entries: 8192 (order: 5, 131072 bytes, linear)
Aug 31 14:43:38 holoiso kernel: Table-perturb hash table entries: 65536 (order: 6, 262144 bytes, linear)
Aug 31 14:43:38 holoiso kernel: TCP established hash table entries: 131072 (order: 8, 1048576 bytes, linear)
Aug 31 14:43:38 holoiso kernel: TCP bind hash table entries: 65536 (order: 9, 2097152 bytes, linear)
Aug 31 14:43:38 holoiso kernel: TCP: Hash tables configured (established 131072 bind 65536)
Aug 31 14:43:38 holoiso kernel: MPTCP token hash table entries: 16384 (order: 6, 393216 bytes, linear)
Aug 31 14:43:38 holoiso kernel: UDP hash table entries: 8192 (order: 6, 262144 bytes, linear)
Aug 31 14:43:38 holoiso kernel: UDP-Lite hash table entries: 8192 (order: 6, 262144 bytes, linear)
Aug 31 14:43:38 holoiso kernel: NET: Registered PF_UNIX/PF_LOCAL protocol family
Aug 31 14:43:38 holoiso kernel: NET: Registered PF_XDP protocol family
Aug 31 14:43:38 holoiso kernel: pci 0000:00:02.1: PCI bridge to [bus 01]
Aug 31 14:43:38 holoiso kernel: pci 0000:00:02.1:   bridge window [mem 0xfcf00000-0xfcffffff]
Aug 31 14:43:38 holoiso kernel: pci 0000:02:00.0: BAR 0: assigned [mem 0xe0300000-0xe03fffff 64bit pref]
Aug 31 14:43:38 holoiso kernel: pci 0000:02:00.0: BAR 2: assigned [mem 0xe0400000-0xe0403fff 64bit pref]
Aug 31 14:43:38 holoiso kernel: pci 0000:02:00.0: BAR 4: assigned [mem 0xe0404000-0xe0404fff 64bit pref]
Aug 31 14:43:38 holoiso kernel: pci 0000:00:02.2: PCI bridge to [bus 02]
Aug 31 14:43:38 holoiso kernel: pci 0000:00:02.2:   bridge window [mem 0xe0300000-0xe04fffff 64bit pref]
Aug 31 14:43:38 holoiso kernel: pci 0000:00:02.4: PCI bridge to [bus 03]
Aug 31 14:43:38 holoiso kernel: pci 0000:00:02.4:   bridge window [mem 0xfce00000-0xfcefffff]
Aug 31 14:43:38 holoiso kernel: pci 0000:00:08.1: PCI bridge to [bus 04]
Aug 31 14:43:38 holoiso kernel: pci 0000:00:08.1:   bridge window [io  0xf000-0xffff]
Aug 31 14:43:38 holoiso kernel: pci 0000:00:08.1:   bridge window [mem 0xfca00000-0xfcdfffff]
Aug 31 14:43:38 holoiso kernel: pci 0000:00:08.1:   bridge window [mem 0xd0000000-0xe01fffff 64bit pref]
Aug 31 14:43:38 holoiso kernel: pci_bus 0000:00: resource 4 [io  0x0000-0x03af window]
Aug 31 14:43:38 holoiso kernel: pci_bus 0000:00: resource 5 [io  0x03e0-0x0cf7 window]
Aug 31 14:43:38 holoiso kernel: pci_bus 0000:00: resource 6 [io  0x03b0-0x03df window]
Aug 31 14:43:38 holoiso kernel: pci_bus 0000:00: resource 7 [io  0x0d00-0xffff window]
Aug 31 14:43:38 holoiso kernel: pci_bus 0000:00: resource 8 [mem 0x000a0000-0x000dffff window]
Aug 31 14:43:38 holoiso kernel: pci_bus 0000:00: resource 9 [mem 0xd0000000-0xfebfffff window]
Aug 31 14:43:38 holoiso kernel: pci_bus 0000:00: resource 10 [mem 0xfee00000-0xffffffff window]
Aug 31 14:43:38 holoiso kernel: pci_bus 0000:01: resource 1 [mem 0xfcf00000-0xfcffffff]
Aug 31 14:43:38 holoiso kernel: pci_bus 0000:02: resource 2 [mem 0xe0300000-0xe04fffff 64bit pref]
Aug 31 14:43:38 holoiso kernel: pci_bus 0000:03: resource 1 [mem 0xfce00000-0xfcefffff]
Aug 31 14:43:38 holoiso kernel: pci_bus 0000:04: resource 0 [io  0xf000-0xffff]
Aug 31 14:43:38 holoiso kernel: pci_bus 0000:04: resource 1 [mem 0xfca00000-0xfcdfffff]
Aug 31 14:43:38 holoiso kernel: pci_bus 0000:04: resource 2 [mem 0xd0000000-0xe01fffff 64bit pref]
Aug 31 14:43:38 holoiso kernel: pci 0000:04:00.1: D0 power state depends on 0000:04:00.0
Aug 31 14:43:38 holoiso kernel: pci 0000:04:00.3: extending delay after power-on from D3hot to 20 msec
Aug 31 14:43:38 holoiso kernel: pci 0000:04:00.4: extending delay after power-on from D3hot to 20 msec
Aug 31 14:43:38 holoiso kernel: PCI: CLS 64 bytes, default 64
Aug 31 14:43:38 holoiso kernel: pci 0000:00:00.2: AMD-Vi: IOMMU performance counters supported
Aug 31 14:43:38 holoiso kernel: Trying to unpack rootfs image as initramfs...
Aug 31 14:43:38 holoiso kernel: pci 0000:00:01.0: Adding to iommu group 0
Aug 31 14:43:38 holoiso kernel: pci 0000:00:02.0: Adding to iommu group 1
Aug 31 14:43:38 holoiso kernel: pci 0000:00:02.1: Adding to iommu group 2
Aug 31 14:43:38 holoiso kernel: pci 0000:00:02.2: Adding to iommu group 3
Aug 31 14:43:38 holoiso kernel: pci 0000:00:02.4: Adding to iommu group 4
Aug 31 14:43:38 holoiso kernel: pci 0000:00:08.0: Adding to iommu group 5
Aug 31 14:43:38 holoiso kernel: pci 0000:00:08.1: Adding to iommu group 5
Aug 31 14:43:38 holoiso kernel: pci 0000:00:14.0: Adding to iommu group 6
Aug 31 14:43:38 holoiso kernel: pci 0000:00:14.3: Adding to iommu group 6
Aug 31 14:43:38 holoiso kernel: pci 0000:00:18.0: Adding to iommu group 7
Aug 31 14:43:38 holoiso kernel: pci 0000:00:18.1: Adding to iommu group 7
Aug 31 14:43:38 holoiso kernel: pci 0000:00:18.2: Adding to iommu group 7
Aug 31 14:43:38 holoiso kernel: pci 0000:00:18.3: Adding to iommu group 7
Aug 31 14:43:38 holoiso kernel: pci 0000:00:18.4: Adding to iommu group 7
Aug 31 14:43:38 holoiso kernel: pci 0000:00:18.5: Adding to iommu group 7
Aug 31 14:43:38 holoiso kernel: pci 0000:00:18.6: Adding to iommu group 7
Aug 31 14:43:38 holoiso kernel: pci 0000:00:18.7: Adding to iommu group 7
Aug 31 14:43:38 holoiso kernel: pci 0000:01:00.0: Adding to iommu group 8
Aug 31 14:43:38 holoiso kernel: pci 0000:02:00.0: Adding to iommu group 9
Aug 31 14:43:38 holoiso kernel: pci 0000:03:00.0: Adding to iommu group 10
Aug 31 14:43:38 holoiso kernel: pci 0000:04:00.0: Adding to iommu group 5
Aug 31 14:43:38 holoiso kernel: pci 0000:04:00.1: Adding to iommu group 5
Aug 31 14:43:38 holoiso kernel: pci 0000:04:00.2: Adding to iommu group 5
Aug 31 14:43:38 holoiso kernel: pci 0000:04:00.3: Adding to iommu group 5
Aug 31 14:43:38 holoiso kernel: pci 0000:04:00.4: Adding to iommu group 5
Aug 31 14:43:38 holoiso kernel: pci 0000:04:00.5: Adding to iommu group 5
Aug 31 14:43:38 holoiso kernel: pci 0000:04:00.6: Adding to iommu group 5
Aug 31 14:43:38 holoiso kernel: pci 0000:00:00.2: can't derive routing for PCI INT A
Aug 31 14:43:38 holoiso kernel: pci 0000:00:00.2: PCI INT A: not connected
Aug 31 14:43:38 holoiso kernel: pci 0000:00:00.2: AMD-Vi: Found IOMMU cap 0x40
Aug 31 14:43:38 holoiso kernel: AMD-Vi: Extended features (0x206d73ef22254ade, 0x0): PPR X2APIC NX GT IA GA PC GA_vAPIC
Aug 31 14:43:38 holoiso kernel: AMD-Vi: Interrupt remapping enabled
Aug 31 14:43:38 holoiso kernel: AMD-Vi: X2APIC enabled
Aug 31 14:43:38 holoiso kernel: AMD-Vi: Virtual APIC enabled
Aug 31 14:43:38 holoiso kernel: PCI-DMA: Using software bounce buffering for IO (SWIOTLB)
Aug 31 14:43:38 holoiso kernel: software IO TLB: mapped [mem 0x00000000c3650000-0x00000000c7650000] (64MB)
Aug 31 14:43:38 holoiso kernel: LVT offset 0 assigned for vector 0x400
Aug 31 14:43:38 holoiso kernel: perf: AMD IBS detected (0x000003ff)
Aug 31 14:43:38 holoiso kernel: perf/amd_iommu: Detected AMD IOMMU #0 (2 banks, 4 counters/bank).
Aug 31 14:43:38 holoiso kernel: Initialise system trusted keyrings
Aug 31 14:43:38 holoiso kernel: Key type blacklist registered
Aug 31 14:43:38 holoiso kernel: workingset: timestamp_bits=41 max_order=22 bucket_order=0
Aug 31 14:43:38 holoiso kernel: zbud: loaded
Aug 31 14:43:38 holoiso kernel: integrity: Platform Keyring initialized
Aug 31 14:43:38 holoiso kernel: integrity: Machine keyring initialized
Aug 31 14:43:38 holoiso kernel: Key type asymmetric registered
Aug 31 14:43:38 holoiso kernel: Asymmetric key parser 'x509' registered
Aug 31 14:43:38 holoiso kernel: Block layer SCSI generic (bsg) driver version 0.4 loaded (major 242)
Aug 31 14:43:38 holoiso kernel: io scheduler mq-deadline registered
Aug 31 14:43:38 holoiso kernel: io scheduler kyber registered
Aug 31 14:43:38 holoiso kernel: io scheduler bfq registered
Aug 31 14:43:38 holoiso kernel: amd_gpio AMDI0030:00: Invalid config param 0014
Aug 31 14:43:38 holoiso kernel: pcieport 0000:00:02.1: PME: Signaling with IRQ 27
Aug 31 14:43:38 holoiso kernel: pcieport 0000:00:02.2: PME: Signaling with IRQ 28
Aug 31 14:43:38 holoiso kernel: pcieport 0000:00:02.4: PME: Signaling with IRQ 29
Aug 31 14:43:38 holoiso kernel: pcieport 0000:00:08.1: PME: Signaling with IRQ 30
Aug 31 14:43:38 holoiso kernel: shpchp: Standard Hot Plug PCI Controller Driver version: 0.4
Aug 31 14:43:38 holoiso kernel: ACPI: AC: AC Adapter [ADP1] (on-line)
Aug 31 14:43:38 holoiso kernel: input: Lid Switch as /devices/LNXSYSTM:00/LNXSYBUS:00/PNP0A08:00/device:23/PNP0C09:00/PNP0C0D:00/input/input0
Aug 31 14:43:38 holoiso kernel: ACPI: button: Lid Switch [LID0]
Aug 31 14:43:38 holoiso kernel: input: Power Button as /devices/LNXSYSTM:00/LNXSYBUS:00/PNP0C0C:00/input/input1
Aug 31 14:43:38 holoiso kernel: ACPI: button: Power Button [PWRB]
Aug 31 14:43:38 holoiso kernel: input: Power Button as /devices/LNXSYSTM:00/LNXPWRBN:00/input/input2
Aug 31 14:43:38 holoiso kernel: ACPI: button: Power Button [PWRF]
Aug 31 14:43:38 holoiso kernel: Estimated ratio of average max frequency by base frequency (times 1024): 1416
Aug 31 14:43:38 holoiso kernel: Monitor-Mwait will be used to enter C-1 state
Aug 31 14:43:38 holoiso kernel: ACPI: \_SB_.PLTF.P000: Found 3 idle states
Aug 31 14:43:38 holoiso kernel: ACPI: \_SB_.PLTF.P001: Found 3 idle states
Aug 31 14:43:38 holoiso kernel: ACPI: \_SB_.PLTF.P002: Found 3 idle states
Aug 31 14:43:38 holoiso kernel: ACPI: \_SB_.PLTF.P003: Found 3 idle states
Aug 31 14:43:38 holoiso kernel: ACPI: \_SB_.PLTF.P004: Found 3 idle states
Aug 31 14:43:38 holoiso kernel: ACPI: \_SB_.PLTF.P005: Found 3 idle states
Aug 31 14:43:38 holoiso kernel: ACPI: \_SB_.PLTF.P006: Found 3 idle states
Aug 31 14:43:38 holoiso kernel: ACPI: \_SB_.PLTF.P007: Found 3 idle states
Aug 31 14:43:38 holoiso kernel: ACPI: \_SB_.PLTF.P008: Found 3 idle states
Aug 31 14:43:38 holoiso kernel: ACPI: \_SB_.PLTF.P009: Found 3 idle states
Aug 31 14:43:38 holoiso kernel: ACPI: \_SB_.PLTF.P00A: Found 3 idle states
Aug 31 14:43:38 holoiso kernel: ACPI: \_SB_.PLTF.P00B: Found 3 idle states
Aug 31 14:43:38 holoiso kernel: Serial: 8250/16550 driver, 32 ports, IRQ sharing enabled
Aug 31 14:43:38 holoiso kernel: 00:03: ttyS3 at I/O 0x2e8 (irq = 4, base_baud = 115200) is a 16450
Aug 31 14:43:38 holoiso kernel: Non-volatile memory driver v1.3
Aug 31 14:43:38 holoiso kernel: Linux agpgart interface v0.103
Aug 31 14:43:38 holoiso kernel: AMD-Vi: AMD IOMMUv2 loaded and initialized
Aug 31 14:43:38 holoiso kernel: ACPI: bus type drm_connector registered
Aug 31 14:43:38 holoiso kernel: usbcore: registered new interface driver usbserial_generic
Aug 31 14:43:38 holoiso kernel: usbserial: USB Serial support registered for generic
Aug 31 14:43:38 holoiso kernel: rtc_cmos 00:01: RTC can wake from S4
Aug 31 14:43:38 holoiso kernel: rtc_cmos 00:01: registered as rtc0
Aug 31 14:43:38 holoiso kernel: rtc_cmos 00:01: setting system clock to 2023-08-31T14:43:32 UTC (1693493012)
Aug 31 14:43:38 holoiso kernel: rtc_cmos 00:01: alarms up to one month, y3k, 114 bytes nvram, hpet irqs
Aug 31 14:43:38 holoiso kernel: amd_pstate: driver load is disabled, boot with specific mode to enable this
Aug 31 14:43:38 holoiso kernel: ledtrig-cpu: registered to indicate activity on CPUs
Aug 31 14:43:38 holoiso kernel: [drm] Initialized simpledrm 1.0.0 20200625 for simple-framebuffer.0 on minor 0
Aug 31 14:43:38 holoiso kernel: fbcon: Deferring console take-over
Aug 31 14:43:38 holoiso kernel: simple-framebuffer simple-framebuffer.0: [drm] fb0: simpledrmdrmfb frame buffer device
Aug 31 14:43:38 holoiso kernel: hid: raw HID events driver (C) Jiri Kosina
Aug 31 14:43:38 holoiso kernel: drop_monitor: Initializing network drop monitor service
Aug 31 14:43:38 holoiso kernel: Initializing XFRM netlink socket
Aug 31 14:43:38 holoiso kernel: NET: Registered PF_INET6 protocol family
Aug 31 14:43:38 holoiso kernel: ACPI: battery: Slot [BAT0] (battery present)
Aug 31 14:43:38 holoiso kernel: Freeing initrd memory: 46140K
Aug 31 14:43:38 holoiso kernel: Segment Routing with IPv6
Aug 31 14:43:38 holoiso kernel: RPL Segment Routing with IPv6
Aug 31 14:43:38 holoiso kernel: In-situ OAM (IOAM) with IPv6
Aug 31 14:43:38 holoiso kernel: NET: Registered PF_PACKET protocol family
Aug 31 14:43:38 holoiso kernel: microcode: CPU0: patch_level=0x0a50000c
Aug 31 14:43:38 holoiso kernel: microcode: CPU1: patch_level=0x0a50000c
Aug 31 14:43:38 holoiso kernel: microcode: CPU3: patch_level=0x0a50000c
Aug 31 14:43:38 holoiso kernel: microcode: CPU2: patch_level=0x0a50000c
Aug 31 14:43:38 holoiso kernel: microcode: CPU5: patch_level=0x0a50000c
Aug 31 14:43:38 holoiso kernel: microcode: CPU4: patch_level=0x0a50000c
Aug 31 14:43:38 holoiso kernel: microcode: CPU6: patch_level=0x0a50000c
Aug 31 14:43:38 holoiso kernel: microcode: CPU7: patch_level=0x0a50000c
Aug 31 14:43:38 holoiso kernel: microcode: CPU9: patch_level=0x0a50000c
Aug 31 14:43:38 holoiso kernel: microcode: CPU8: patch_level=0x0a50000c
Aug 31 14:43:38 holoiso kernel: microcode: CPU11: patch_level=0x0a50000c
Aug 31 14:43:38 holoiso kernel: microcode: CPU10: patch_level=0x0a50000c
Aug 31 14:43:38 holoiso kernel: microcode: Microcode Update Driver: v2.2.
Aug 31 14:43:38 holoiso kernel: resctrl: L3 allocation detected
Aug 31 14:43:38 holoiso kernel: resctrl: MB allocation detected
Aug 31 14:43:38 holoiso kernel: resctrl: L3 monitoring detected
Aug 31 14:43:38 holoiso kernel: IPI shorthand broadcast: enabled
Aug 31 14:43:38 holoiso kernel: sched_clock: Marking stable (577755107, 1318522)->(591827623, -12753994)
Aug 31 14:43:38 holoiso kernel: registered taskstats version 1
Aug 31 14:43:38 holoiso kernel: Loading compiled-in X.509 certificates
Aug 31 14:43:38 holoiso kernel: Loaded X.509 cert 'Build time autogenerated kernel key: 7b77624b11c9a5d37836bd68254f14b68d33e3d0'
Aug 31 14:43:38 holoiso kernel: zswap: loaded using pool zstd/zsmalloc
Aug 31 14:43:38 holoiso kernel: Key type .fscrypt registered
Aug 31 14:43:38 holoiso kernel: Key type fscrypt-provisioning registered
Aug 31 14:43:38 holoiso kernel: PM:   Magic number: 3:512:739
Aug 31 14:43:38 holoiso kernel: RAS: Correctable Errors collector initialized.
Aug 31 14:43:38 holoiso kernel: ACPI Error: No handler for Region [ECRM] (0000000069480b9c) [EmbeddedControl] (20230331/evregion-130)
Aug 31 14:43:38 holoiso kernel: ACPI Error: Region EmbeddedControl (ID=3) has no handler (20230331/exfldio-261)
Aug 31 14:43:38 holoiso kernel: ACPI Error: Aborting method \_SB.GPIO._EVT due to previous error (AE_NOT_EXIST) (20230331/psparse-529)
Aug 31 14:43:38 holoiso kernel: clk: Disabling unused clocks
Aug 31 14:43:38 holoiso kernel: Freeing unused decrypted memory: 2036K
Aug 31 14:43:38 holoiso kernel: Freeing unused kernel image (initmem) memory: 3536K
Aug 31 14:43:38 holoiso kernel: Write protecting the kernel read-only data: 32768k
Aug 31 14:43:38 holoiso kernel: Freeing unused kernel image (rodata/data gap) memory: 1708K
Aug 31 14:43:38 holoiso kernel: x86/mm: Checked W+X mappings: passed, no W+X pages found.
Aug 31 14:43:38 holoiso kernel: rodata_test: all tests were successful
Aug 31 14:43:38 holoiso kernel: Run /init as init process
Aug 31 14:43:38 holoiso kernel:   with arguments:
Aug 31 14:43:38 holoiso kernel:     /init
Aug 31 14:43:38 holoiso kernel:     splash
Aug 31 14:43:38 holoiso kernel:   with environment:
Aug 31 14:43:38 holoiso kernel:     HOME=/
Aug 31 14:43:38 holoiso kernel:     TERM=linux
Aug 31 14:43:38 holoiso kernel:     BOOT_IMAGE=/boot/vmlinuz-linux-zen
Aug 31 14:43:38 holoiso kernel: ACPI: video: Video Device [VGA] (multi-head: yes  rom: no  post: no)
Aug 31 14:43:38 holoiso kernel: input: Video Bus as /devices/LNXSYSTM:00/LNXSYBUS:00/PNP0A08:00/device:13/LNXVIDEO:00/input/input3
Aug 31 14:43:38 holoiso kernel: tsc: Refined TSC clocksource calibration: 2295.688 MHz
Aug 31 14:43:38 holoiso kernel: clocksource: tsc: mask: 0xffffffffffffffff max_cycles: 0x21174bd42fa, max_idle_ns: 440795291265 ns
Aug 31 14:43:38 holoiso kernel: clocksource: Switched to clocksource tsc
Aug 31 14:43:38 holoiso kernel: [drm] amdgpu kernel modesetting enabled.
Aug 31 14:43:38 holoiso kernel: amdgpu: Virtual CRAT table created for CPU
Aug 31 14:43:38 holoiso kernel: amdgpu: Topology: Add CPU node
Aug 31 14:43:38 holoiso kernel: amdgpu 0000:04:00.0: enabling device (0006 -> 0007)
Aug 31 14:43:38 holoiso kernel: [drm] initializing kernel modesetting (RENOIR 0x1002:0x1638 0x1002:0x0123 0xC3).
Aug 31 14:43:38 holoiso kernel: [drm] register mmio base: 0xFCD00000
Aug 31 14:43:38 holoiso kernel: [drm] register mmio size: 524288
Aug 31 14:43:38 holoiso kernel: [drm] add ip block number 0 <soc15_common>
Aug 31 14:43:38 holoiso kernel: [drm] add ip block number 1 <gmc_v9_0>
Aug 31 14:43:38 holoiso kernel: [drm] add ip block number 2 <vega10_ih>
Aug 31 14:43:38 holoiso kernel: [drm] add ip block number 3 <psp>
Aug 31 14:43:38 holoiso kernel: [drm] add ip block number 4 <smu>
Aug 31 14:43:38 holoiso kernel: [drm] add ip block number 5 <dm>
Aug 31 14:43:38 holoiso kernel: [drm] add ip block number 6 <gfx_v9_0>
Aug 31 14:43:38 holoiso kernel: [drm] add ip block number 7 <sdma_v4_0>
Aug 31 14:43:38 holoiso kernel: [drm] add ip block number 8 <vcn_v2_0>
Aug 31 14:43:38 holoiso kernel: [drm] add ip block number 9 <jpeg_v2_0>
Aug 31 14:43:38 holoiso kernel: amdgpu 0000:04:00.0: amdgpu: Fetched VBIOS from VFCT
Aug 31 14:43:38 holoiso kernel: amdgpu: ATOM BIOS: 113-CEZANNE-018
Aug 31 14:43:38 holoiso kernel: [drm] VCN decode is enabled in VM mode
Aug 31 14:43:38 holoiso kernel: [drm] VCN encode is enabled in VM mode
Aug 31 14:43:38 holoiso kernel: [drm] JPEG decode is enabled in VM mode
Aug 31 14:43:38 holoiso kernel: amdgpu 0000:04:00.0: vgaarb: deactivate vga console
Aug 31 14:43:38 holoiso kernel: amdgpu 0000:04:00.0: amdgpu: Trusted Memory Zone (TMZ) feature enabled
Aug 31 14:43:38 holoiso kernel: amdgpu 0000:04:00.0: amdgpu: MODE2 reset
Aug 31 14:43:38 holoiso kernel: [drm] vm size is 262144 GB, 4 levels, block size is 9-bit, fragment size is 9-bit
Aug 31 14:43:38 holoiso kernel: amdgpu 0000:04:00.0: amdgpu: VRAM: 3072M 0x000000F400000000 - 0x000000F4BFFFFFFF (3072M used)
Aug 31 14:43:38 holoiso kernel: amdgpu 0000:04:00.0: amdgpu: GART: 1024M 0x0000000000000000 - 0x000000003FFFFFFF
Aug 31 14:43:38 holoiso kernel: amdgpu 0000:04:00.0: amdgpu: AGP: 267419648M 0x000000F800000000 - 0x0000FFFFFFFFFFFF
Aug 31 14:43:38 holoiso kernel: [drm] Detected VRAM RAM=3072M, BAR=3072M
Aug 31 14:43:38 holoiso kernel: [drm] RAM width 128bits LPDDR4
Aug 31 14:43:38 holoiso kernel: [drm] amdgpu: 3072M of VRAM memory ready
Aug 31 14:43:38 holoiso kernel: [drm] amdgpu: 6433M of GTT memory ready.
Aug 31 14:43:38 holoiso kernel: [drm] GART: num cpu pages 262144, num gpu pages 262144
Aug 31 14:43:38 holoiso kernel: [drm] PCIE GART of 1024M enabled.
Aug 31 14:43:38 holoiso kernel: [drm] PTB located at 0x000000F4BFC00000
Aug 31 14:43:38 holoiso kernel: [drm] Loading DMUB firmware via PSP: version=0x01010027
Aug 31 14:43:38 holoiso kernel: [drm] Found VCN firmware Version ENC: 1.20 DEC: 6 VEP: 0 Revision: 0
Aug 31 14:43:38 holoiso kernel: amdgpu 0000:04:00.0: amdgpu: Will use PSP to load VCN firmware
Aug 31 14:43:38 holoiso kernel: [drm] reserve 0x400000 from 0xf4bf800000 for PSP TMR
Aug 31 14:43:38 holoiso kernel: amdgpu 0000:04:00.0: amdgpu: RAS: optional ras ta ucode is not available
Aug 31 14:43:38 holoiso kernel: amdgpu 0000:04:00.0: amdgpu: RAP: optional rap ta ucode is not available
Aug 31 14:43:38 holoiso kernel: amdgpu 0000:04:00.0: amdgpu: SECUREDISPLAY: securedisplay ta ucode is not available
Aug 31 14:43:38 holoiso kernel: amdgpu 0000:04:00.0: amdgpu: SMU is initialized successfully!
Aug 31 14:43:38 holoiso kernel: [drm] Display Core initialized with v3.2.230!
Aug 31 14:43:38 holoiso kernel: [drm] DP-HDMI FRL PCON supported
Aug 31 14:43:38 holoiso kernel: [drm] DMUB hardware initialized: version=0x01010027
Aug 31 14:43:38 holoiso kernel: Registered IR keymap rc-cec
Aug 31 14:43:38 holoiso kernel: rc rc0: DP-2 as /devices/pci0000:00/0000:00:08.1/0000:04:00.0/rc/rc0
Aug 31 14:43:38 holoiso kernel: input: DP-2 as /devices/pci0000:00/0000:00:08.1/0000:04:00.0/rc/rc0/input4
Aug 31 14:43:38 holoiso kernel: [drm] kiq ring mec 2 pipe 1 q 0
Aug 31 14:43:38 holoiso kernel: [drm] VCN decode and encode initialized successfully(under DPG Mode).
Aug 31 14:43:38 holoiso kernel: [drm] JPEG decode initialized successfully.
Aug 31 14:43:38 holoiso kernel: kfd kfd: amdgpu: Allocated 3969056 bytes on gart
Aug 31 14:43:38 holoiso kernel: amdgpu: sdma_bitmap: 3
Aug 31 14:43:38 holoiso kernel: amdgpu: HMM registered 3072MB device memory
Aug 31 14:43:38 holoiso kernel: amdgpu: SRAT table not found
Aug 31 14:43:38 holoiso kernel: amdgpu: Virtual CRAT table created for GPU
Aug 31 14:43:38 holoiso kernel: amdgpu: Topology: Add dGPU node [0x1638:0x1002]
Aug 31 14:43:38 holoiso kernel: kfd kfd: amdgpu: added device 1002:1638
Aug 31 14:43:38 holoiso kernel: amdgpu 0000:04:00.0: amdgpu: SE 1, SH per SE 1, CU per SH 8, active_cu_number 6
Aug 31 14:43:38 holoiso kernel: amdgpu 0000:04:00.0: amdgpu: ring gfx uses VM inv eng 0 on hub 0
Aug 31 14:43:38 holoiso kernel: amdgpu 0000:04:00.0: amdgpu: ring gfx_low uses VM inv eng 1 on hub 0
Aug 31 14:43:38 holoiso kernel: amdgpu 0000:04:00.0: amdgpu: ring gfx_high uses VM inv eng 4 on hub 0
Aug 31 14:43:38 holoiso kernel: amdgpu 0000:04:00.0: amdgpu: ring comp_1.0.0 uses VM inv eng 5 on hub 0
Aug 31 14:43:38 holoiso kernel: amdgpu 0000:04:00.0: amdgpu: ring comp_1.1.0 uses VM inv eng 6 on hub 0
Aug 31 14:43:38 holoiso kernel: amdgpu 0000:04:00.0: amdgpu: ring comp_1.2.0 uses VM inv eng 7 on hub 0
Aug 31 14:43:38 holoiso kernel: amdgpu 0000:04:00.0: amdgpu: ring comp_1.3.0 uses VM inv eng 8 on hub 0
Aug 31 14:43:38 holoiso kernel: amdgpu 0000:04:00.0: amdgpu: ring comp_1.0.1 uses VM inv eng 9 on hub 0
Aug 31 14:43:38 holoiso kernel: amdgpu 0000:04:00.0: amdgpu: ring comp_1.1.1 uses VM inv eng 10 on hub 0
Aug 31 14:43:38 holoiso kernel: amdgpu 0000:04:00.0: amdgpu: ring comp_1.2.1 uses VM inv eng 11 on hub 0
Aug 31 14:43:38 holoiso kernel: amdgpu 0000:04:00.0: amdgpu: ring comp_1.3.1 uses VM inv eng 12 on hub 0
Aug 31 14:43:38 holoiso kernel: amdgpu 0000:04:00.0: amdgpu: ring kiq_2.1.0 uses VM inv eng 13 on hub 0
Aug 31 14:43:38 holoiso kernel: amdgpu 0000:04:00.0: amdgpu: ring sdma0 uses VM inv eng 0 on hub 1
Aug 31 14:43:38 holoiso kernel: amdgpu 0000:04:00.0: amdgpu: ring vcn_dec uses VM inv eng 1 on hub 1
Aug 31 14:43:38 holoiso kernel: amdgpu 0000:04:00.0: amdgpu: ring vcn_enc0 uses VM inv eng 4 on hub 1
Aug 31 14:43:38 holoiso kernel: amdgpu 0000:04:00.0: amdgpu: ring vcn_enc1 uses VM inv eng 5 on hub 1
Aug 31 14:43:38 holoiso kernel: amdgpu 0000:04:00.0: amdgpu: ring jpeg_dec uses VM inv eng 6 on hub 1
Aug 31 14:43:38 holoiso kernel: [drm] Initialized amdgpu 3.52.0 20150101 for 0000:04:00.0 on minor 1
Aug 31 14:43:38 holoiso kernel: fbcon: amdgpudrmfb (fb0) is primary device
Aug 31 14:43:38 holoiso kernel: fbcon: Deferring console take-over
Aug 31 14:43:38 holoiso kernel: amdgpu 0000:04:00.0: [drm] fb0: amdgpudrmfb frame buffer device
Aug 31 14:43:38 holoiso kernel: i8042: PNP: PS/2 Controller [PNP0303:PS2K] at 0x60,0x64 irq 1
Aug 31 14:43:38 holoiso kernel: i8042: PNP: PS/2 appears to have AUX port disabled, if this is incorrect please boot with i8042.nopnp
Aug 31 14:43:38 holoiso kernel: serio: i8042 KBD port at 0x60,0x64 irq 1
Aug 31 14:43:38 holoiso kernel: input: AT Translated Set 2 keyboard as /devices/platform/i8042/serio0/input/input5
Aug 31 14:43:38 holoiso kernel: xhci_hcd 0000:04:00.3: xHCI Host Controller
Aug 31 14:43:38 holoiso kernel: xhci_hcd 0000:04:00.3: new USB bus registered, assigned bus number 1
Aug 31 14:43:38 holoiso kernel: xhci_hcd 0000:04:00.3: hcc params 0x0268ffe5 hci version 0x110 quirks 0x0000020000000410
Aug 31 14:43:38 holoiso kernel: xhci_hcd 0000:04:00.3: xHCI Host Controller
Aug 31 14:43:38 holoiso kernel: xhci_hcd 0000:04:00.3: new USB bus registered, assigned bus number 2
Aug 31 14:43:38 holoiso kernel: xhci_hcd 0000:04:00.3: Host supports USB 3.1 Enhanced SuperSpeed
Aug 31 14:43:38 holoiso kernel: usb usb1: New USB device found, idVendor=1d6b, idProduct=0002, bcdDevice= 6.04
Aug 31 14:43:38 holoiso kernel: usb usb1: New USB device strings: Mfr=3, Product=2, SerialNumber=1
Aug 31 14:43:38 holoiso kernel: usb usb1: Product: xHCI Host Controller
Aug 31 14:43:38 holoiso kernel: usb usb1: Manufacturer: Linux 6.4.12-zen1-1-zen xhci-hcd
Aug 31 14:43:38 holoiso kernel: usb usb1: SerialNumber: 0000:04:00.3
Aug 31 14:43:38 holoiso kernel: hub 1-0:1.0: USB hub found
Aug 31 14:43:38 holoiso kernel: hub 1-0:1.0: 4 ports detected
Aug 31 14:43:38 holoiso kernel: usb usb2: We don't know the algorithms for LPM for this host, disabling LPM.
Aug 31 14:43:38 holoiso kernel: usb usb2: New USB device found, idVendor=1d6b, idProduct=0003, bcdDevice= 6.04
Aug 31 14:43:38 holoiso kernel: usb usb2: New USB device strings: Mfr=3, Product=2, SerialNumber=1
Aug 31 14:43:38 holoiso kernel: usb usb2: Product: xHCI Host Controller
Aug 31 14:43:38 holoiso kernel: usb usb2: Manufacturer: Linux 6.4.12-zen1-1-zen xhci-hcd
Aug 31 14:43:38 holoiso kernel: usb usb2: SerialNumber: 0000:04:00.3
Aug 31 14:43:38 holoiso kernel: hub 2-0:1.0: USB hub found
Aug 31 14:43:38 holoiso kernel: hub 2-0:1.0: 2 ports detected
Aug 31 14:43:38 holoiso kernel: xhci_hcd 0000:04:00.4: xHCI Host Controller
Aug 31 14:43:38 holoiso kernel: xhci_hcd 0000:04:00.4: new USB bus registered, assigned bus number 3
Aug 31 14:43:38 holoiso kernel: xhci_hcd 0000:04:00.4: hcc params 0x0268ffe5 hci version 0x110 quirks 0x0000020000000410
Aug 31 14:43:38 holoiso kernel: xhci_hcd 0000:04:00.4: xHCI Host Controller
Aug 31 14:43:38 holoiso kernel: xhci_hcd 0000:04:00.4: new USB bus registered, assigned bus number 4
Aug 31 14:43:38 holoiso kernel: xhci_hcd 0000:04:00.4: Host supports USB 3.1 Enhanced SuperSpeed
Aug 31 14:43:38 holoiso kernel: usb usb3: New USB device found, idVendor=1d6b, idProduct=0002, bcdDevice= 6.04
Aug 31 14:43:38 holoiso kernel: usb usb3: New USB device strings: Mfr=3, Product=2, SerialNumber=1
Aug 31 14:43:38 holoiso kernel: usb usb3: Product: xHCI Host Controller
Aug 31 14:43:38 holoiso kernel: usb usb3: Manufacturer: Linux 6.4.12-zen1-1-zen xhci-hcd
Aug 31 14:43:38 holoiso kernel: usb usb3: SerialNumber: 0000:04:00.4
Aug 31 14:43:38 holoiso kernel: hub 3-0:1.0: USB hub found
Aug 31 14:43:38 holoiso kernel: hub 3-0:1.0: 4 ports detected
Aug 31 14:43:38 holoiso kernel: usb usb4: We don't know the algorithms for LPM for this host, disabling LPM.
Aug 31 14:43:38 holoiso kernel: usb usb4: New USB device found, idVendor=1d6b, idProduct=0003, bcdDevice= 6.04
Aug 31 14:43:38 holoiso kernel: usb usb4: New USB device strings: Mfr=3, Product=2, SerialNumber=1
Aug 31 14:43:38 holoiso kernel: usb usb4: Product: xHCI Host Controller
Aug 31 14:43:38 holoiso kernel: usb usb4: Manufacturer: Linux 6.4.12-zen1-1-zen xhci-hcd
Aug 31 14:43:38 holoiso kernel: usb usb4: SerialNumber: 0000:04:00.4
Aug 31 14:43:38 holoiso kernel: hub 4-0:1.0: USB hub found
Aug 31 14:43:38 holoiso kernel: hub 4-0:1.0: 2 ports detected
Aug 31 14:43:38 holoiso kernel: nvme 0000:03:00.0: platform quirk: setting simple suspend
Aug 31 14:43:38 holoiso kernel: nvme nvme0: pci function 0000:03:00.0
Aug 31 14:43:38 holoiso kernel: nvme nvme0: allocated 64 MiB host memory buffer.
Aug 31 14:43:38 holoiso kernel: usb 1-4: new full-speed USB device number 2 using xhci_hcd
Aug 31 14:43:38 holoiso kernel: usb 3-1: new high-speed USB device number 2 using xhci_hcd
Aug 31 14:43:38 holoiso kernel: nvme nvme0: 8/0/0 default/read/poll queues
Aug 31 14:43:38 holoiso kernel: nvme nvme0: Ignoring bogus Namespace Identifiers
Aug 31 14:43:38 holoiso kernel:  nvme0n1: p1 p2 p3
Aug 31 14:43:38 holoiso kernel: raid6: skipped pq benchmark and selected avx2x4
Aug 31 14:43:38 holoiso kernel: raid6: using avx2x2 recovery algorithm
Aug 31 14:43:38 holoiso kernel: xor: measuring software checksum speed
Aug 31 14:43:38 holoiso kernel:    prefetch64-sse  : 22795 MB/sec
Aug 31 14:43:38 holoiso kernel:    generic_sse     : 20968 MB/sec
Aug 31 14:43:38 holoiso kernel: xor: using function: prefetch64-sse (22795 MB/sec)
Aug 31 14:43:38 holoiso kernel: usb 3-1: New USB device found, idVendor=05e3, idProduct=0610, bcdDevice=88.16
Aug 31 14:43:38 holoiso kernel: usb 3-1: New USB device strings: Mfr=1, Product=2, SerialNumber=0
Aug 31 14:43:38 holoiso kernel: usb 3-1: Product: USB2.1 Hub
Aug 31 14:43:38 holoiso kernel: usb 3-1: Manufacturer: GenesysLogic
Aug 31 14:43:38 holoiso kernel: usb 1-4: New USB device found, idVendor=045e, idProduct=028e, bcdDevice= 1.10
Aug 31 14:43:38 holoiso kernel: usb 1-4: New USB device strings: Mfr=1, Product=2, SerialNumber=0
Aug 31 14:43:38 holoiso kernel: usb 1-4: Product: Controller
Aug 31 14:43:38 holoiso kernel: usb 1-4: Manufacturer: ZhiXu
Aug 31 14:43:38 holoiso kernel: hub 3-1:1.0: USB hub found
Aug 31 14:43:38 holoiso kernel: hub 3-1:1.0: 4 ports detected
Aug 31 14:43:38 holoiso kernel: Btrfs loaded, zoned=yes, fsverity=yes
Aug 31 14:43:38 holoiso kernel: BTRFS: device label holo-root devid 1 transid 202 /dev/nvme0n1p2 scanned by (udev-worker) (218)
Aug 31 14:43:38 holoiso kernel: usb 4-1: new SuperSpeed USB device number 2 using xhci_hcd
Aug 31 14:43:38 holoiso kernel: usb 4-1: New USB device found, idVendor=05e3, idProduct=0620, bcdDevice=88.16
Aug 31 14:43:38 holoiso kernel: usb 4-1: New USB device strings: Mfr=1, Product=2, SerialNumber=0
Aug 31 14:43:38 holoiso kernel: usb 4-1: Product: USB3.1 Hub
Aug 31 14:43:38 holoiso kernel: usb 4-1: Manufacturer: GenesysLogic
Aug 31 14:43:38 holoiso kernel: hub 4-1:1.0: USB hub found
Aug 31 14:43:38 holoiso kernel: hub 4-1:1.0: 4 ports detected
Aug 31 14:43:38 holoiso kernel: [drm] DSC precompute is not needed.
Aug 31 14:43:38 holoiso kernel: usb 3-3: new high-speed USB device number 3 using xhci_hcd
Aug 31 14:43:38 holoiso kernel: usb 3-3: New USB device found, idVendor=0e8d, idProduct=0608, bcdDevice= 1.00
Aug 31 14:43:38 holoiso kernel: usb 3-3: New USB device strings: Mfr=5, Product=6, SerialNumber=7
Aug 31 14:43:38 holoiso kernel: usb 3-3: Product: Wireless_Device
Aug 31 14:43:38 holoiso kernel: usb 3-3: Manufacturer: MediaTek Inc.
Aug 31 14:43:38 holoiso kernel: usb 3-3: SerialNumber: 000000000
Aug 31 14:43:38 holoiso kernel: usb 3-1.2: new high-speed USB device number 4 using xhci_hcd
Aug 31 14:43:38 holoiso kernel: mmc0: cannot verify signal voltage switch
Aug 31 14:43:38 holoiso kernel: usb 3-1.2: New USB device found, idVendor=05e3, idProduct=0610, bcdDevice=88.17
Aug 31 14:43:38 holoiso kernel: usb 3-1.2: New USB device strings: Mfr=1, Product=2, SerialNumber=0
Aug 31 14:43:38 holoiso kernel: usb 3-1.2: Product: USB2.1 Hub
Aug 31 14:43:38 holoiso kernel: usb 3-1.2: Manufacturer: GenesysLogic
Aug 31 14:43:38 holoiso kernel: mmc0: new ultra high speed SDR104 SDXC card at address aaaa
Aug 31 14:43:38 holoiso kernel: mmcblk0: mmc0:aaaa SP64G 59.5 GiB 
Aug 31 14:43:38 holoiso kernel:  mmcblk0: p1
Aug 31 14:43:38 holoiso kernel: hub 3-1.2:1.0: USB hub found
Aug 31 14:43:38 holoiso kernel: hub 3-1.2:1.0: 4 ports detected
Aug 31 14:43:38 holoiso kernel: usb 4-1.1: new SuperSpeed USB device number 3 using xhci_hcd
Aug 31 14:43:38 holoiso kernel: usb 4-1.1: New USB device found, idVendor=17e9, idProduct=6006, bcdDevice=31.27
Aug 31 14:43:38 holoiso kernel: usb 4-1.1: New USB device strings: Mfr=1, Product=2, SerialNumber=3
Aug 31 14:43:38 holoiso kernel: usb 4-1.1: Product: Dell Universal Dock D6000
Aug 31 14:43:38 holoiso kernel: usb 4-1.1: Manufacturer: DisplayLink
Aug 31 14:43:38 holoiso kernel: usb 4-1.1: SerialNumber: 1807070630
Aug 31 14:43:38 holoiso kernel: usb 3-4: new full-speed USB device number 5 using xhci_hcd
Aug 31 14:43:38 holoiso kernel: usb 1-4: USB disconnect, device number 2
Aug 31 14:43:38 holoiso kernel: usb 3-1.3: new high-speed USB device number 6 using xhci_hcd
Aug 31 14:43:38 holoiso kernel: usb 3-4: New USB device found, idVendor=2541, idProduct=0236, bcdDevice= 2.00
Aug 31 14:43:38 holoiso kernel: usb 3-4: New USB device strings: Mfr=1, Product=2, SerialNumber=0
Aug 31 14:43:38 holoiso kernel: usb 3-4: Product: CS9711Fingprint
Aug 31 14:43:38 holoiso kernel: usb 3-4: Manufacturer: Chipsailing
Aug 31 14:43:38 holoiso kernel: usb 3-1.3: New USB device found, idVendor=05e3, idProduct=0608, bcdDevice=88.32
Aug 31 14:43:38 holoiso kernel: usb 3-1.3: New USB device strings: Mfr=0, Product=1, SerialNumber=0
Aug 31 14:43:38 holoiso kernel: usb 3-1.3: Product: USB2.0 Hub
Aug 31 14:43:38 holoiso kernel: usb 4-1.2: new SuperSpeed USB device number 4 using xhci_hcd
Aug 31 14:43:38 holoiso kernel: hub 3-1.3:1.0: USB hub found
Aug 31 14:43:38 holoiso kernel: hub 3-1.3:1.0: 4 ports detected
Aug 31 14:43:38 holoiso kernel: usb 4-1.2: New USB device found, idVendor=05e3, idProduct=0620, bcdDevice=88.17
Aug 31 14:43:38 holoiso kernel: usb 4-1.2: New USB device strings: Mfr=1, Product=2, SerialNumber=0
Aug 31 14:43:38 holoiso kernel: usb 4-1.2: Product: USB3.1 Hub
Aug 31 14:43:38 holoiso kernel: usb 4-1.2: Manufacturer: GenesysLogic
Aug 31 14:43:38 holoiso kernel: usb 1-4: new full-speed USB device number 3 using xhci_hcd
Aug 31 14:43:38 holoiso kernel: hub 4-1.2:1.0: USB hub found
Aug 31 14:43:38 holoiso kernel: hub 4-1.2:1.0: 4 ports detected
Aug 31 14:43:38 holoiso kernel: usb 3-1.2.3: new full-speed USB device number 7 using xhci_hcd
Aug 31 14:43:38 holoiso kernel: BTRFS info (device nvme0n1p2): using crc32c (crc32c-intel) checksum algorithm
Aug 31 14:43:38 holoiso kernel: BTRFS info (device nvme0n1p2): using free space tree
Aug 31 14:43:38 holoiso kernel: BTRFS info (device nvme0n1p2): enabling ssd optimizations
Aug 31 14:43:38 holoiso kernel: BTRFS info (device nvme0n1p2): auto enabling async discard
Aug 31 14:43:38 holoiso kernel: usb 1-4: New USB device found, idVendor=045e, idProduct=028e, bcdDevice= 1.10
Aug 31 14:43:38 holoiso kernel: usb 1-4: New USB device strings: Mfr=1, Product=2, SerialNumber=0
Aug 31 14:43:38 holoiso kernel: usb 1-4: Product: Controller
Aug 31 14:43:38 holoiso kernel: usb 1-4: Manufacturer: ZhiXu
Aug 31 14:43:38 holoiso kernel: usb 3-1.2.3: New USB device found, idVendor=046d, idProduct=c537, bcdDevice=34.00
Aug 31 14:43:38 holoiso kernel: usb 3-1.2.3: New USB device strings: Mfr=1, Product=2, SerialNumber=0
Aug 31 14:43:38 holoiso kernel: usb 3-1.2.3: Product: USB Receiver
Aug 31 14:43:38 holoiso kernel: usb 3-1.2.3: Manufacturer: Logitech
Aug 31 14:43:38 holoiso kernel: usb 3-1.4: new high-speed USB device number 8 using xhci_hcd
Aug 31 14:43:38 holoiso systemd[1]: systemd 253.5-2-arch running in system mode (+PAM +AUDIT -SELINUX -APPARMOR -IMA +SMACK +SECCOMP +GCRYPT +GNUTLS +OPENSSL +ACL +BLKID +CURL +ELFUTILS +FIDO2 +IDN2 -IDN +IPTC +KMOD +LIBCRYPTSETUP +LIBFDISK +PCRE2 -PWQUALITY +P11KIT -QRENCODE +TPM2 +BZIP2 +LZ4 +XZ +ZLIB +ZSTD +BPF_FRAMEWORK +XKBCOMMON +UTMP -SYSVINIT default-hierarchy=unified)
Aug 31 14:43:38 holoiso systemd[1]: Detected architecture x86-64.
Aug 31 14:43:38 holoiso systemd[1]: Hostname set to <holoiso>.
Aug 31 14:43:38 holoiso systemd[1]: bpf-lsm: LSM BPF program attached
Aug 31 14:43:38 holoiso kernel: memfd_create() without MFD_EXEC nor MFD_NOEXEC_SEAL, pid=1 'systemd'
Aug 31 14:43:38 holoiso kernel: usb 3-1.3.1: new full-speed USB device number 9 using xhci_hcd
Aug 31 14:43:38 holoiso kernel: usb 3-1.3.1: New USB device found, idVendor=06c4, idProduct=c411, bcdDevice= 0.19
Aug 31 14:43:38 holoiso kernel: usb 3-1.3.1: New USB device strings: Mfr=1, Product=2, SerialNumber=3
Aug 31 14:43:38 holoiso kernel: usb 3-1.3.1: Product: D6000 Controller
Aug 31 14:43:38 holoiso kernel: usb 3-1.3.1: Manufacturer: Bizlink
Aug 31 14:43:38 holoiso kernel: usb 3-1.3.1: SerialNumber: 205E37555534
Aug 31 14:43:38 holoiso kernel: usb 3-1.2.4: new full-speed USB device number 10 using xhci_hcd
Aug 31 14:43:38 holoiso systemd[1]: Configuration file /usr/lib/systemd/system/var-log.mount is marked executable. Please remove executable permission bits. Proceeding anyway.
Aug 31 14:43:38 holoiso systemd[1]: Configuration file /usr/lib/systemd/system/var-tmp.mount is marked executable. Please remove executable permission bits. Proceeding anyway.
Aug 31 14:43:38 holoiso systemd[1]: Configuration file /usr/lib/systemd/system/sddm.service.d/steamos-customizations.conf is marked executable. Please remove executable permission bits. Proceeding anyway.
Aug 31 14:43:38 holoiso systemd[1]: Configuration file /etc/systemd/system/powerbutton-chmod.service is marked executable. Please remove executable permission bits. Proceeding anyway.
Aug 31 14:43:38 holoiso systemd[1]: Configuration file /usr/lib/systemd/system/flatpak-workaround.service is marked executable. Please remove executable permission bits. Proceeding anyway.
Aug 31 14:43:38 holoiso systemd[1]: Configuration file /usr/lib/systemd/system/var-lib-flatpak.mount is marked executable. Please remove executable permission bits. Proceeding anyway.
Aug 31 14:43:38 holoiso systemd[1]: Configuration file /usr/lib/systemd/system/flatpak-modify-flathub-beta.service is marked executable. Please remove executable permission bits. Proceeding anyway.
Aug 31 14:43:38 holoiso systemd[1]: Configuration file /usr/lib/systemd/system/steamos-offload.target is marked executable. Please remove executable permission bits. Proceeding anyway.
Aug 31 14:43:38 holoiso systemd[1]: Configuration file /usr/lib/systemd/system/var-lib-systemd-coredump.mount is marked executable. Please remove executable permission bits. Proceeding anyway.
Aug 31 14:43:38 holoiso systemd[1]: Configuration file /usr/lib/systemd/system/var-lib-docker.mount is marked executable. Please remove executable permission bits. Proceeding anyway.
Aug 31 14:43:38 holoiso systemd[1]: Configuration file /usr/lib/systemd/system/var-cache-pacman.mount is marked executable. Please remove executable permission bits. Proceeding anyway.
Aug 31 14:43:38 holoiso systemd[1]: Configuration file /usr/lib/systemd/system/usr-local.mount is marked executable. Please remove executable permission bits. Proceeding anyway.
Aug 31 14:43:38 holoiso systemd[1]: Configuration file /usr/lib/systemd/system/usr-lib-debug.mount is marked executable. Please remove executable permission bits. Proceeding anyway.
Aug 31 14:43:38 holoiso systemd[1]: Configuration file /usr/lib/systemd/system/srv.mount is marked executable. Please remove executable permission bits. Proceeding anyway.
Aug 31 14:43:38 holoiso systemd[1]: Configuration file /usr/lib/systemd/system/root.mount is marked executable. Please remove executable permission bits. Proceeding anyway.
Aug 31 14:43:38 holoiso systemd[1]: Configuration file /usr/lib/systemd/system/opt.mount is marked executable. Please remove executable permission bits. Proceeding anyway.
Aug 31 14:43:38 holoiso systemd[1]: Queued start job for default target Graphical Interface.
Aug 31 14:43:38 holoiso systemd[1]: Created slice Slice /system/getty.
Aug 31 14:43:38 holoiso systemd[1]: Created slice Slice /system/modprobe.
Aug 31 14:43:38 holoiso systemd[1]: Created slice Slice /system/systemd-fsck.
Aug 31 14:43:38 holoiso systemd[1]: Created slice User and Session Slice.
Aug 31 14:43:38 holoiso systemd[1]: Dispatch Password Requests to Console Directory Watch was skipped because of an unmet condition check (ConditionPathExists=!/run/plymouth/pid).
Aug 31 14:43:38 holoiso systemd[1]: Started Forward Password Requests to Wall Directory Watch.
Aug 31 14:43:38 holoiso systemd[1]: Set up automount Arbitrary Executable File Formats File System Automount Point.
Aug 31 14:43:38 holoiso systemd[1]: Reached target Local Encrypted Volumes.
Aug 31 14:43:38 holoiso systemd[1]: Reached target Login Prompts.
Aug 31 14:43:38 holoiso systemd[1]: Reached target Local Integrity Protected Volumes.
Aug 31 14:43:38 holoiso systemd[1]: Reached target Path Units.
Aug 31 14:43:38 holoiso systemd[1]: Reached target Remote File Systems.
Aug 31 14:43:38 holoiso systemd[1]: Reached target Slice Units.
Aug 31 14:43:38 holoiso systemd[1]: Reached target Swaps.
Aug 31 14:43:38 holoiso systemd[1]: Reached target Local Verity Protected Volumes.
Aug 31 14:43:38 holoiso systemd[1]: Listening on Device-mapper event daemon FIFOs.
Aug 31 14:43:38 holoiso systemd[1]: Listening on LVM2 poll daemon socket.
Aug 31 14:43:38 holoiso systemd[1]: Listening on Process Core Dump Socket.
Aug 31 14:43:38 holoiso systemd[1]: Listening on Journal Socket (/dev/log).
Aug 31 14:43:38 holoiso systemd[1]: Listening on Journal Socket.
Aug 31 14:43:38 holoiso systemd[1]: Listening on Network Service Netlink Socket.
Aug 31 14:43:38 holoiso systemd[1]: Listening on udev Control Socket.
Aug 31 14:43:38 holoiso systemd[1]: Listening on udev Kernel Socket.
Aug 31 14:43:38 holoiso systemd[1]: Mounting Huge Pages File System...
Aug 31 14:43:38 holoiso systemd[1]: Mounting POSIX Message Queue File System...
Aug 31 14:43:38 holoiso systemd[1]: Mounting Kernel Debug File System...
Aug 31 14:43:38 holoiso systemd[1]: Mounting Kernel Trace File System...
Aug 31 14:43:38 holoiso systemd[1]: Mounting Temporary Directory /tmp...
Aug 31 14:43:38 holoiso systemd[1]: Starting Create List of Static Device Nodes...
Aug 31 14:43:38 holoiso systemd[1]: Starting Monitoring of LVM2 mirrors, snapshots etc. using dmeventd or progress polling...
Aug 31 14:43:38 holoiso systemd[1]: Starting Load Kernel Module configfs...
Aug 31 14:43:38 holoiso systemd[1]: Starting Load Kernel Module dm_mod...
Aug 31 14:43:38 holoiso systemd[1]: Starting Load Kernel Module drm...
Aug 31 14:43:38 holoiso systemd[1]: Starting Load Kernel Module fuse...
Aug 31 14:43:38 holoiso systemd[1]: Starting Load Kernel Module loop...
Aug 31 14:43:38 holoiso systemd[1]: Starting Journal Service...
Aug 31 14:43:38 holoiso systemd[1]: Starting Load Kernel Modules...
Aug 31 14:43:38 holoiso systemd[1]: TPM2 PCR Machine ID Measurement was skipped because of an unmet condition check (ConditionPathExists=/sys/firmware/efi/efivars/StubPcrKernelImage-4a67b082-0a4c-41cf-b6c7-440b29bb8c4f).
Aug 31 14:43:38 holoiso systemd[1]: Starting Remount Root and Kernel File Systems...
Aug 31 14:43:38 holoiso systemd[1]: Starting Coldplug All udev Devices...
Aug 31 14:43:38 holoiso kernel: loop: module loaded
Aug 31 14:43:38 holoiso systemd[1]: Mounted Huge Pages File System.
Aug 31 14:43:38 holoiso systemd[1]: Mounted POSIX Message Queue File System.
Aug 31 14:43:38 holoiso systemd[1]: Mounted Kernel Debug File System.
Aug 31 14:43:38 holoiso systemd[1]: Mounted Kernel Trace File System.
Aug 31 14:43:38 holoiso systemd[1]: Mounted Temporary Directory /tmp.
Aug 31 14:43:38 holoiso kernel: device-mapper: uevent: version 1.0.3
Aug 31 14:43:38 holoiso kernel: device-mapper: ioctl: 4.48.0-ioctl (2023-03-01) initialised: dm-devel@redhat.com
Aug 31 14:43:38 holoiso kernel: fuse: init (API version 7.38)
Aug 31 14:43:38 holoiso kernel: usb 3-1.2.4: New USB device found, idVendor=046d, idProduct=c52b, bcdDevice=24.11
Aug 31 14:43:38 holoiso kernel: usb 3-1.2.4: New USB device strings: Mfr=1, Product=2, SerialNumber=0
Aug 31 14:43:38 holoiso kernel: usb 3-1.2.4: Product: USB Receiver
Aug 31 14:43:38 holoiso kernel: usb 3-1.2.4: Manufacturer: Logitech
Aug 31 14:43:38 holoiso systemd[1]: Finished Create List of Static Device Nodes.
Aug 31 14:43:38 holoiso systemd[1]: modprobe@configfs.service: Deactivated successfully.
Aug 31 14:43:38 holoiso systemd-journald[343]: Configuration file /usr/lib/systemd/journald.conf.d/persistent-store.conf is marked executable. Please remove executable permission bits. Proceeding anyway.
Aug 31 14:43:38 holoiso systemd-journald[343]: Configuration file /usr/lib/systemd/journald.conf.d/system-max-use.conf is marked executable. Please remove executable permission bits. Proceeding anyway.
Aug 31 14:43:38 holoiso systemd-journald[343]: Collecting audit messages is disabled.
Aug 31 14:43:38 holoiso kernel: BTRFS info (device nvme0n1p2: state M): force zstd compression, level 1
Aug 31 14:43:38 holoiso kernel: BTRFS info (device nvme0n1p2: state M): turning on sync discard
Aug 31 14:43:38 holoiso systemd[1]: Finished Load Kernel Module configfs.
Aug 31 14:43:38 holoiso systemd[1]: modprobe@dm_mod.service: Deactivated successfully.
Aug 31 14:43:38 holoiso systemd[1]: Finished Load Kernel Module dm_mod.
Aug 31 14:43:38 holoiso systemd[1]: modprobe@drm.service: Deactivated successfully.
Aug 31 14:43:38 holoiso systemd[1]: Finished Load Kernel Module drm.
Aug 31 14:43:38 holoiso systemd[1]: Finished Monitoring of LVM2 mirrors, snapshots etc. using dmeventd or progress polling.
Aug 31 14:43:38 holoiso systemd[1]: modprobe@fuse.service: Deactivated successfully.
Aug 31 14:43:38 holoiso systemd-journald[343]: Journal started
Aug 31 14:43:38 holoiso systemd-journald[343]: Runtime Journal (/run/log/journal/7e2791418219478e85f888e1d7f55393) is 8.0M, max 643.3M, 635.3M free.
Aug 31 14:43:38 holoiso systemd-modules-load[344]: Inserted module 'crypto_user'
Aug 31 14:43:38 holoiso systemd[1]: Finished Load Kernel Module fuse.
Aug 31 14:43:38 holoiso systemd[1]: Started Journal Service.
Aug 31 14:43:38 holoiso systemd[1]: modprobe@loop.service: Deactivated successfully.
Aug 31 14:43:38 holoiso systemd[1]: Finished Load Kernel Module loop.
Aug 31 14:43:38 holoiso systemd[1]: Finished Load Kernel Modules.
Aug 31 14:43:38 holoiso systemd[1]: Finished Remount Root and Kernel File Systems.
Aug 31 14:43:38 holoiso systemd[1]: Mounting FUSE Control File System...
Aug 31 14:43:38 holoiso systemd[1]: Mounting Kernel Configuration File System...
Aug 31 14:43:38 holoiso systemd[1]: First Boot Wizard was skipped because of an unmet condition check (ConditionFirstBoot=yes).
Aug 31 14:43:38 holoiso systemd[1]: Rebuild Hardware Database was skipped because of an unmet condition check (ConditionNeedsUpdate=/etc).
Aug 31 14:43:38 holoiso systemd[1]: Starting Load/Save OS Random Seed...
Aug 31 14:43:38 holoiso systemd[1]: Repartition Root Disk was skipped because no trigger condition checks were met.
Aug 31 14:43:38 holoiso systemd[1]: Starting Apply Kernel Variables...
Aug 31 14:43:38 holoiso systemd[1]: Create System Users was skipped because no trigger condition checks were met.
Aug 31 14:43:38 holoiso systemd[1]: Starting Create Static Device Nodes in /dev...
Aug 31 14:43:38 holoiso systemd[1]: Finished Coldplug All udev Devices.
Aug 31 14:43:38 holoiso systemd[1]: Mounted FUSE Control File System.
Aug 31 14:43:38 holoiso systemd[1]: Mounted Kernel Configuration File System.
Aug 31 14:43:38 holoiso systemd[1]: Finished Load/Save OS Random Seed.
Aug 31 14:43:38 holoiso systemd[1]: Finished Apply Kernel Variables.
Aug 31 14:43:38 holoiso systemd[1]: First Boot Complete was skipped because of an unmet condition check (ConditionFirstBoot=yes).
Aug 31 14:43:38 holoiso systemd[1]: Finished Create Static Device Nodes in /dev.
Aug 31 14:43:38 holoiso systemd[1]: Reached target Preparation for Local File Systems.
Aug 31 14:43:38 holoiso systemd[1]: Virtual Machine and Container Storage (Compatibility) was skipped because of an unmet condition check (ConditionPathExists=/var/lib/machines.raw).
Aug 31 14:43:38 holoiso systemd[1]: Starting Rule-based Manager for Device Events and Files...
Aug 31 14:43:38 holoiso systemd-udevd[357]: Using default interface naming scheme 'v253'.
Aug 31 14:43:38 holoiso systemd[1]: Started Rule-based Manager for Device Events and Files.
Aug 31 14:43:38 holoiso systemd[1]: Starting Network Configuration...
Aug 31 14:43:38 holoiso systemd[1]: Found device NVME SSD 512GB holo-home.
Aug 31 14:43:39 holoiso kernel: usb 1-4: USB disconnect, device number 3
Aug 31 14:43:39 holoiso systemd[1]: Starting File System Check on /dev/disk/by-uuid/d8299cb9-024a-4d08-9535-0a11ca9b7dcd...
Aug 31 14:43:39 holoiso kernel: amd_gpio AMDI0030:00: Invalid config param 0014
Aug 31 14:43:39 holoiso kernel: amd_gpio AMDI0030:00: Invalid config param 0001
Aug 31 14:43:39 holoiso kernel: Goodix-TS i2c-GDIX1002:00: supply AVDD28 not found, using dummy regulator
Aug 31 14:43:39 holoiso kernel: Goodix-TS i2c-GDIX1002:00: supply VDDIO not found, using dummy regulator
Aug 31 14:43:39 holoiso kernel: Goodix-TS i2c-GDIX1002:00: Unexpected ACPI resources: gpio_count 1, gpio_int_idx 0
Aug 31 14:43:39 holoiso systemd-fsck[413]: holo-home: clean, 96082/29777920 files, 8886431/119104512 blocks
Aug 31 14:43:39 holoiso kernel: Goodix-TS i2c-GDIX1002:00: ID 927, version: 0040
Aug 31 14:43:39 holoiso kernel: input: PC Speaker as /devices/platform/pcspkr/input/input7
Aug 31 14:43:39 holoiso kernel: piix4_smbus 0000:00:14.0: SMBus Host Controller at 0xb00, revision 0
Aug 31 14:43:39 holoiso kernel: piix4_smbus 0000:00:14.0: Using register 0x02 for SMBus port selection
Aug 31 14:43:39 holoiso kernel: Goodix-TS i2c-GDIX1002:00: Invalid config (0, 0, 0), using defaults
Aug 31 14:43:39 holoiso kernel: input: Goodix Capacitive TouchScreen as /devices/platform/AMDI0010:00/i2c-0/i2c-GDIX1002:00/input/input6
Aug 31 14:43:39 holoiso kernel: piix4_smbus 0000:00:14.0: Auxiliary SMBus Host Controller at 0xb20
Aug 31 14:43:39 holoiso kernel: RAPL PMU: API unit is 2^-32 Joules, 1 fixed counters, 163840 ms ovfl timer
Aug 31 14:43:39 holoiso kernel: RAPL PMU: hw unit of domain package 2^-16 Joules
Aug 31 14:43:39 holoiso systemd[1]: Finished File System Check on /dev/disk/by-uuid/d8299cb9-024a-4d08-9535-0a11ca9b7dcd.
Aug 31 14:43:39 holoiso systemd[1]: Mounting /home...
Aug 31 14:43:39 holoiso kernel: cfg80211: Loading compiled-in X.509 certificates for regulatory database
Aug 31 14:43:39 holoiso kernel: Loaded X.509 cert 'sforshee: 00b28ddf47aef9cea7'
Aug 31 14:43:39 holoiso systemd[1]: Listening on Load/Save RF Kill Switch Status /dev/rfkill Watch.
Aug 31 14:43:39 holoiso kernel: sp5100_tco: SP5100/SB800 TCO WatchDog Timer Driver
Aug 31 14:43:39 holoiso kernel: cryptd: max_cpu_qlen set to 1000
Aug 31 14:43:39 holoiso kernel: mousedev: PS/2 mouse device common for all mice
Aug 31 14:43:39 holoiso kernel: sp5100-tco sp5100-tco: Using 0xfeb00000 for watchdog MMIO address
Aug 31 14:43:39 holoiso kernel: sp5100-tco sp5100-tco: initialized. heartbeat=60 sec (nowayout=0)
Aug 31 14:43:39 holoiso systemd-networkd[363]: lo: Link UP
Aug 31 14:43:39 holoiso systemd-networkd[363]: lo: Gained carrier
Aug 31 14:43:39 holoiso systemd-networkd[363]: Enumeration completed
Aug 31 14:43:39 holoiso systemd[1]: Started Network Configuration.
Aug 31 14:43:39 holoiso (udev-worker)[367]: cfg80211: Process '/usr/bin/set-wireless-regdom' failed with exit code 1.
Aug 31 14:43:39 holoiso kernel: bmi160_i2c i2c-BMI0160:00: supply vdd not found, using dummy regulator
Aug 31 14:43:39 holoiso kernel: bmi160_i2c i2c-BMI0160:00: supply vddio not found, using dummy regulator
Aug 31 14:43:39 holoiso kernel: bmi160_i2c i2c-BMI0160:00: mounting matrix not found: using identity...
Aug 31 14:43:39 holoiso kernel: AVX2 version of gcm_enc/dec engaged.
Aug 31 14:43:39 holoiso kernel: AES CTR mode by8 optimization enabled
Aug 31 14:43:39 holoiso kernel: usb 1-4: new full-speed USB device number 4 using xhci_hcd
Aug 31 14:43:39 holoiso kernel: iio iio:device0: Not setting up IRQ trigger
Aug 31 14:43:39 holoiso kernel: usb 1-4: New USB device found, idVendor=045e, idProduct=028e, bcdDevice= 1.10
Aug 31 14:43:39 holoiso kernel: usb 1-4: New USB device strings: Mfr=1, Product=2, SerialNumber=0
Aug 31 14:43:39 holoiso kernel: usb 1-4: Product: Controller
Aug 31 14:43:39 holoiso kernel: usb 1-4: Manufacturer: ZhiXu
Aug 31 14:43:39 holoiso kernel: EXT4-fs (nvme0n1p3): Using encoding defined by superblock: utf8-12.1.0 with flags 0x0
Aug 31 14:43:39 holoiso kernel: EXT4-fs (nvme0n1p3): mounted filesystem d8299cb9-024a-4d08-9535-0a11ca9b7dcd r/w with ordered data mode. Quota mode: none.
Aug 31 14:43:39 holoiso systemd[1]: Mounted /home.
Aug 31 14:43:39 holoiso kernel: mt7921e 0000:02:00.0: enabling device (0000 -> 0002)
Aug 31 14:43:39 holoiso systemd[1]: Mounting SteamOS Offload - /opt...
Aug 31 14:43:39 holoiso systemd[1]: root.mount: Directory /root to mount over is not empty, mounting anyway.
Aug 31 14:43:39 holoiso systemd[1]: Mounting SteamOS Offload - /root...
Aug 31 14:43:39 holoiso systemd[1]: srv.mount: Directory /srv to mount over is not empty, mounting anyway.
Aug 31 14:43:39 holoiso systemd[1]: Mounting SteamOS Offload - /srv...
Aug 31 14:43:39 holoiso kernel: mt7921e 0000:02:00.0: ASIC revision: 79610010
Aug 31 14:43:39 holoiso systemd[1]: Mounting SteamOS Offload - /usr/lib/debug...
Aug 31 14:43:39 holoiso systemd[1]: usr-local.mount: Directory /usr/local to mount over is not empty, mounting anyway.
Aug 31 14:43:39 holoiso systemd[1]: Mounting SteamOS Offload - /usr/local...
Aug 31 14:43:39 holoiso systemd[1]: var-cache-pacman.mount: Directory /var/cache/pacman to mount over is not empty, mounting anyway.
Aug 31 14:43:39 holoiso systemd[1]: Mounting SteamOS Offload - /var/cache/pacman...
Aug 31 14:43:39 holoiso systemd[1]: Mounting SteamOS Offload - /var/lib/docker...
Aug 31 14:43:39 holoiso systemd[1]: var-lib-flatpak.mount: Directory /var/lib/flatpak to mount over is not empty, mounting anyway.
Aug 31 14:43:39 holoiso systemd[1]: Mounting SteamOS Offload - /var/lib/flatpak...
Aug 31 14:43:39 holoiso systemd[1]: Mounting SteamOS Offload - /var/lib/systemd/coredump...
Aug 31 14:43:39 holoiso systemd[1]: var-log.mount: Directory /var/log to mount over is not empty, mounting anyway.
Aug 31 14:43:39 holoiso systemd[1]: Mounting SteamOS Offload - /var/log...
Aug 31 14:43:39 holoiso systemd[1]: var-tmp.mount: Directory /var/tmp to mount over is not empty, mounting anyway.
Aug 31 14:43:39 holoiso systemd[1]: Mounting SteamOS Offload - /var/tmp...
Aug 31 14:43:39 holoiso systemd[1]: Mounted SteamOS Offload - /opt.
Aug 31 14:43:39 holoiso systemd[1]: Mounted SteamOS Offload - /root.
Aug 31 14:43:39 holoiso systemd[1]: Mounted SteamOS Offload - /srv.
Aug 31 14:43:39 holoiso systemd[1]: Mounted SteamOS Offload - /usr/lib/debug.
Aug 31 14:43:39 holoiso systemd[1]: Mounted SteamOS Offload - /usr/local.
Aug 31 14:43:39 holoiso systemd[1]: Mounted SteamOS Offload - /var/cache/pacman.
Aug 31 14:43:39 holoiso systemd[1]: Mounted SteamOS Offload - /var/lib/docker.
Aug 31 14:43:39 holoiso systemd[1]: Mounted SteamOS Offload - /var/lib/flatpak.
Aug 31 14:43:39 holoiso systemd[1]: Mounted SteamOS Offload - /var/lib/systemd/coredump.
Aug 31 14:43:39 holoiso systemd[1]: Mounted SteamOS Offload - /var/log.
Aug 31 14:43:39 holoiso systemd[1]: Mounted SteamOS Offload - /var/tmp.
Aug 31 14:43:39 holoiso systemd[1]: Reached target Local File Systems.
Aug 31 14:43:39 holoiso systemd[1]: Reached target SteamOS Offload.
